Archive member included to satisfy reference by file (symbol)

c:/vsarm/armcc/bin/../lib/gcc/arm-none-eabi/9.2.1/../../../../arm-none-eabi/lib/thumb/v7e-m+fp/hard\libstdc++_nano.a(atexit_arm.o)
                              Build/robo_init.o (__aeabi_atexit)
c:/vsarm/armcc/bin/../lib/gcc/arm-none-eabi/9.2.1/../../../../arm-none-eabi/lib/thumb/v7e-m+fp/hard\libc_nano.a(lib_a-cxa_atexit.o)
                              c:/vsarm/armcc/bin/../lib/gcc/arm-none-eabi/9.2.1/../../../../arm-none-eabi/lib/thumb/v7e-m+fp/hard\libstdc++_nano.a(atexit_arm.o) (__cxa_atexit)
c:/vsarm/armcc/bin/../lib/gcc/arm-none-eabi/9.2.1/../../../../arm-none-eabi/lib/thumb/v7e-m+fp/hard\libc_nano.a(lib_a-exit.o)
                              c:/vsarm/armcc/bin/../lib/gcc/arm-none-eabi/9.2.1/../../../../arm-none-eabi/lib/thumb/v7e-m+fp/hard/crt0.o (exit)
c:/vsarm/armcc/bin/../lib/gcc/arm-none-eabi/9.2.1/../../../../arm-none-eabi/lib/thumb/v7e-m+fp/hard\libc_nano.a(lib_a-impure.o)
                              c:/vsarm/armcc/bin/../lib/gcc/arm-none-eabi/9.2.1/../../../../arm-none-eabi/lib/thumb/v7e-m+fp/hard\libc_nano.a(lib_a-exit.o) (_global_impure_ptr)
c:/vsarm/armcc/bin/../lib/gcc/arm-none-eabi/9.2.1/../../../../arm-none-eabi/lib/thumb/v7e-m+fp/hard\libc_nano.a(lib_a-init.o)
                              c:/vsarm/armcc/bin/../lib/gcc/arm-none-eabi/9.2.1/../../../../arm-none-eabi/lib/thumb/v7e-m+fp/hard/crt0.o (__libc_init_array)
c:/vsarm/armcc/bin/../lib/gcc/arm-none-eabi/9.2.1/../../../../arm-none-eabi/lib/thumb/v7e-m+fp/hard\libc_nano.a(lib_a-memset.o)
                              c:/vsarm/armcc/bin/../lib/gcc/arm-none-eabi/9.2.1/../../../../arm-none-eabi/lib/thumb/v7e-m+fp/hard/crt0.o (memset)
c:/vsarm/armcc/bin/../lib/gcc/arm-none-eabi/9.2.1/../../../../arm-none-eabi/lib/thumb/v7e-m+fp/hard\libc_nano.a(lib_a-nano-vfprintf_float.o)
                              (_printf_float)
c:/vsarm/armcc/bin/../lib/gcc/arm-none-eabi/9.2.1/../../../../arm-none-eabi/lib/thumb/v7e-m+fp/hard\libc_nano.a(lib_a-nano-vfprintf_i.o)
                              c:/vsarm/armcc/bin/../lib/gcc/arm-none-eabi/9.2.1/../../../../arm-none-eabi/lib/thumb/v7e-m+fp/hard\libc_nano.a(lib_a-nano-vfprintf_float.o) (_printf_common)
c:/vsarm/armcc/bin/../lib/gcc/arm-none-eabi/9.2.1/../../../../arm-none-eabi/lib/thumb/v7e-m+fp/hard\libc_nano.a(lib_a-on_exit_args.o)
                              c:/vsarm/armcc/bin/../lib/gcc/arm-none-eabi/9.2.1/../../../../arm-none-eabi/lib/thumb/v7e-m+fp/hard\libc_nano.a(lib_a-cxa_atexit.o) (__on_exit_args)
c:/vsarm/armcc/bin/../lib/gcc/arm-none-eabi/9.2.1/../../../../arm-none-eabi/lib/thumb/v7e-m+fp/hard\libc_nano.a(lib_a-printf.o)
                              Build/actuator.o (printf)
c:/vsarm/armcc/bin/../lib/gcc/arm-none-eabi/9.2.1/../../../../arm-none-eabi/lib/thumb/v7e-m+fp/hard\libc_nano.a(lib_a-strlen.o)
                              c:/vsarm/armcc/bin/../lib/gcc/arm-none-eabi/9.2.1/../../../../arm-none-eabi/lib/thumb/v7e-m+fp/hard\libc_nano.a(lib_a-nano-vfprintf_float.o) (strlen)
c:/vsarm/armcc/bin/../lib/gcc/arm-none-eabi/9.2.1/../../../../arm-none-eabi/lib/thumb/v7e-m+fp/hard\libc_nano.a(lib_a-dtoa.o)
                              c:/vsarm/armcc/bin/../lib/gcc/arm-none-eabi/9.2.1/../../../../arm-none-eabi/lib/thumb/v7e-m+fp/hard\libc_nano.a(lib_a-nano-vfprintf_float.o) (_dtoa_r)
c:/vsarm/armcc/bin/../lib/gcc/arm-none-eabi/9.2.1/../../../../arm-none-eabi/lib/thumb/v7e-m+fp/hard\libc_nano.a(lib_a-findfp.o)
                              c:/vsarm/armcc/bin/../lib/gcc/arm-none-eabi/9.2.1/../../../../arm-none-eabi/lib/thumb/v7e-m+fp/hard\libc_nano.a(lib_a-printf.o) (__sinit)
c:/vsarm/armcc/bin/../lib/gcc/arm-none-eabi/9.2.1/../../../../arm-none-eabi/lib/thumb/v7e-m+fp/hard\libc_nano.a(lib_a-fwalk.o)
                              c:/vsarm/armcc/bin/../lib/gcc/arm-none-eabi/9.2.1/../../../../arm-none-eabi/lib/thumb/v7e-m+fp/hard\libc_nano.a(lib_a-findfp.o) (_fwalk)
c:/vsarm/armcc/bin/../lib/gcc/arm-none-eabi/9.2.1/../../../../arm-none-eabi/lib/thumb/v7e-m+fp/hard\libc_nano.a(lib_a-localeconv.o)
                              c:/vsarm/armcc/bin/../lib/gcc/arm-none-eabi/9.2.1/../../../../arm-none-eabi/lib/thumb/v7e-m+fp/hard\libc_nano.a(lib_a-nano-vfprintf_float.o) (_localeconv_r)
c:/vsarm/armcc/bin/../lib/gcc/arm-none-eabi/9.2.1/../../../../arm-none-eabi/lib/thumb/v7e-m+fp/hard\libc_nano.a(lib_a-lock.o)
                              c:/vsarm/armcc/bin/../lib/gcc/arm-none-eabi/9.2.1/../../../../arm-none-eabi/lib/thumb/v7e-m+fp/hard\libc_nano.a(lib_a-findfp.o) (__retarget_lock_init_recursive)
c:/vsarm/armcc/bin/../lib/gcc/arm-none-eabi/9.2.1/../../../../arm-none-eabi/lib/thumb/v7e-m+fp/hard\libc_nano.a(lib_a-malloc.o)
                              c:/vsarm/armcc/bin/../lib/gcc/arm-none-eabi/9.2.1/../../../../arm-none-eabi/lib/thumb/v7e-m+fp/hard\libc_nano.a(lib_a-dtoa.o) (malloc)
c:/vsarm/armcc/bin/../lib/gcc/arm-none-eabi/9.2.1/../../../../arm-none-eabi/lib/thumb/v7e-m+fp/hard\libc_nano.a(lib_a-memchr.o)
[...]
Memory Configuration

Name             Origin             Length             Attributes
RAM              0x20000000         0x00020000         xrw
CCMRAM           0x10000000         0x00010000         rw
FLASH            0x08000000         0x00100000         xr
*default*        0x00000000         0xffffffff

Linker script and memory map

LOAD c:/vsarm/armcc/bin/../lib/gcc/arm-none-eabi/9.2.1/thumb/v7e-m+fp/hard/crti.o
LOAD c:/vsarm/armcc/bin/../lib/gcc/arm-none-eabi/9.2.1/thumb/v7e-m+fp/hard/crtbegin.o
LOAD c:/vsarm/armcc/bin/../lib/gcc/arm-none-eabi/9.2.1/../../../../arm-none-eabi/lib/thumb/v7e-m+fp/hard/crt0.o
LOAD Build/printf_config.o
LOAD Build/gpio.o
LOAD Build/tim.o
LOAD Build/usart.o
LOAD Build/stm32f4xx_it.o
LOAD Build/stm32f4xx_hal_msp.o
LOAD Build/stm32f4xx_hal_tim.o
LOAD Build/stm32f4xx_hal_tim_ex.o
LOAD Build/stm32f4xx_hal_uart.o
LOAD Build/stm32f4xx_hal_rcc.o
LOAD Build/stm32f4xx_hal_rcc_ex.o
LOAD Build/stm32f4xx_hal_flash.o
LOAD Build/stm32f4xx_hal_flash_ex.o
LOAD Build/stm32f4xx_hal_flash_ramfunc.o
LOAD Build/stm32f4xx_hal_gpio.o
LOAD Build/stm32f4xx_hal_dma_ex.o
LOAD Build/stm32f4xx_hal_dma.o
LOAD Build/stm32f4xx_hal_pwr.o
LOAD Build/stm32f4xx_hal_pwr_ex.o
LOAD Build/stm32f4xx_hal_cortex.o
LOAD Build/stm32f4xx_hal.o
LOAD Build/stm32f4xx_hal_exti.o
LOAD Build/system_stm32f4xx.o
LOAD Build/startup_stm32f407xx.o
LOAD Build/actuator.o
LOAD Build/motor.o
LOAD Build/robo_init.o
LOAD Build/encoder.o
LOAD Build/main.o
LOAD Build/distance.o
LOAD c:/vsarm/armcc/bin/../lib/gcc/arm-none-eabi/9.2.1/../../../../arm-none-eabi/lib/thumb/v7e-m+fp/hard\libnosys.a
LOAD c:/vsarm/armcc/bin/../lib/gcc/arm-none-eabi/9.2.1/../../../../arm-none-eabi/lib/thumb/v7e-m+fp/hard\libstdc++_nano.a
LOAD c:/vsarm/armcc/bin/../lib/gcc/arm-none-eabi/9.2.1/../../../../arm-none-eabi/lib/thumb/v7e-m+fp/hard\libm.a
LOAD c:/vsarm/armcc/bin/../lib/gcc/arm-none-eabi/9.2.1/../../../../arm-none-eabi/lib/thumb/v7e-m+fp/hard\libc_nano.a
START GROUP
LOAD c:/vsarm/armcc/bin/../lib/gcc/arm-none-eabi/9.2.1/thumb/v7e-m+fp/hard\libgcc.a
LOAD c:/vsarm/armcc/bin/../lib/gcc/arm-none-eabi/9.2.1/../../../../arm-none-eabi/lib/thumb/v7e-m+fp/hard\libc_nano.a
END GROUP
START GROUP
LOAD c:/vsarm/armcc/bin/../lib/gcc/arm-none-eabi/9.2.1/thumb/v7e-m+fp/hard\libgcc.a
LOAD c:/vsarm/armcc/bin/../lib/gcc/arm-none-eabi/9.2.1/../../../../arm-none-eabi/lib/thumb/v7e-m+fp/hard\libc_nano.a
LOAD c:/vsarm/armcc/bin/../lib/gcc/arm-none-eabi/9.2.1/../../../../arm-none-eabi/lib/thumb/v7e-m+fp/hard\libnosys.a
END GROUP
START GROUP
LOAD c:/vsarm/armcc/bin/../lib/gcc/arm-none-eabi/9.2.1/thumb/v7e-m+fp/hard\libgcc.a
LOAD c:/vsarm/armcc/bin/../lib/gcc/arm-none-eabi/9.2.1/../../../../arm-none-eabi/lib/thumb/v7e-m+fp/hard\libc_nano.a
LOAD c:/vsarm/armcc/bin/../lib/gcc/arm-none-eabi/9.2.1/../../../../arm-none-eabi/lib/thumb/v7e-m+fp/hard\libnosys.a
END GROUP
LOAD c:/vsarm/armcc/bin/../lib/gcc/arm-none-eabi/9.2.1/thumb/v7e-m+fp/hard/crtend.o
LOAD c:/vsarm/armcc/bin/../lib/gcc/arm-none-eabi/9.2.1/thumb/v7e-m+fp/hard/crtn.o
                0x20020000                _estack = 0x20020000
                0x00000200                _Min_Heap_Size = 0x200
                0x00000400                _Min_Stack_Size = 0x400

.isr_vector     0x08000000      0x188
                0x08000000                . = ALIGN (0x4)
 *(.isr_vector)
 .isr_vector    0x08000000      0x188 Build/startup_stm32f407xx.o
                0x08000000                g_pfnVectors
                0x08000188                . = ALIGN (0x4)

.text           0x08000190     0x5d3c
                0x08000190                . = ALIGN (0x4)
 *(.text)
 .text          0x08000190       0x40 c:/vsarm/armcc/bin/../lib/gcc/arm-none-eabi/9.2.1/thumb/v7e-m+fp/hard/crtbegin.o
 .text          0x080001d0       0x10 c:/vsarm/armcc/bin/../lib/gcc/arm-none-eabi/9.2.1/../../../../arm-none-eabi/lib/thumb/v7e-m+fp/hard\libc_nano.a(lib_a-strlen.o)
                0x080001d0                strlen
 .text          0x080001e0       0xa0 c:/vsarm/armcc/bin/../lib/gcc/arm-none-eabi/9.2.1/../../../../arm-none-eabi/lib/thumb/v7e-m+fp/hard\libc_nano.a(lib_a-memchr.o)
                0x080001e0                memchr
 .text          0x08000280      0x378 c:/vsarm/armcc/bin/../lib/gcc/arm-none-eabi/9.2.1/thumb/v7e-m+fp/hard\libgcc.a(_arm_addsubdf3.o)
                0x08000280                __aeabi_drsub
                0x08000288                __aeabi_dsub
                0x08000288                __subdf3
                0x0800028c                __aeabi_dadd
                0x0800028c                __adddf3
                0x08000504                __floatunsidf
                0x08000504                __aeabi_ui2d
                0x08000524                __floatsidf
                0x08000524                __aeabi_i2d
                0x08000548                __aeabi_f2d
                0x08000548                __extendsfdf2
                0x0800058c                __floatundidf
                0x0800058c                __aeabi_ul2d
                0x0800059c                __floatdidf
                0x0800059c                __aeabi_l2d
 .text          0x080005f8      0x424 c:/vsarm/armcc/bin/../lib/gcc/arm-none-eabi/9.2.1/thumb/v7e-m+fp/hard\libgcc.a(_arm_muldivdf3.o)
                0x080005f8                __aeabi_dmul
                0x080005f8                __muldf3
                0x0800084c                __divdf3
                0x0800084c                __aeabi_ddiv
 .text          0x08000a1c      0x110 c:/vsarm/armcc/bin/../lib/gcc/arm-none-eabi/9.2.1/thumb/v7e-m+fp/hard\libgcc.a(_arm_cmpdf2.o)
                0x08000a1c                __gtdf2
                0x08000a1c                __gedf2
                0x08000a24                __ltdf2
                0x08000a24                __ledf2
                0x08000a2c                __nedf2
                0x08000a2c                __eqdf2
                0x08000a2c                __cmpdf2
                0x08000aa8                __aeabi_cdrcmple
                0x08000ab8                __aeabi_cdcmpeq
                0x08000ab8                __aeabi_cdcmple
                0x08000ac8                __aeabi_dcmpeq
                0x08000adc                __aeabi_dcmplt
                0x08000af0                __aeabi_dcmple
                0x08000b04                __aeabi_dcmpge
                0x08000b18                __aeabi_dcmpgt
 .text          0x08000b2c       0x2c c:/vsarm/armcc/bin/../lib/gcc/arm-none-eabi/9.2.1/thumb/v7e-m+fp/hard\libgcc.a(_arm_unorddf2.o)
                0x08000b2c                __unorddf2
                0x08000b2c                __aeabi_dcmpun
 .text          0x08000b58       0x50 c:/vsarm/armcc/bin/../lib/gcc/arm-none-eabi/9.2.1/thumb/v7e-m+fp/hard\libgcc.a(_arm_fixdfsi.o)
                0x08000b58                __aeabi_d2iz
                0x08000b58                __fixdfsi
 .text          0x08000ba8       0xa0 c:/vsarm/armcc/bin/../lib/gcc/arm-none-eabi/9.2.1/thumb/v7e-m+fp/hard\libgcc.a(_arm_truncdfsf2.o)
                0x08000ba8                __truncdfsf2
                0x08000ba8                __aeabi_d2f
 .text          0x08000c48       0x30 c:/vsarm/armcc/bin/../lib/gcc/arm-none-eabi/9.2.1/thumb/v7e-m+fp/hard\libgcc.a(_aeabi_uldivmod.o)
                0x08000c48                __aeabi_uldivmod
 .text          0x08000c78      0x2c4 c:/vsarm/armcc/bin/../lib/gcc/arm-none-eabi/9.2.1/thumb/v7e-m+fp/hard\libgcc.a(_udivmoddi4.o)
                0x08000c78                __udivmoddi4
 .text          0x08000f3c        0x4 c:/vsarm/armcc/bin/../lib/gcc/arm-none-eabi/9.2.1/thumb/v7e-m+fp/hard\libgcc.a(_dvmd_tls.o)
                0x08000f3c                __aeabi_idiv0
                0x08000f3c                __aeabi_ldiv0
 *(.text*)
 .text.ITM_SendString
                0x08000f40       0x4c Build/printf_config.o
                0x08000f40                ITM_SendString
 .text._write   0x08000f8c        0xc Build/printf_config.o
                0x08000f8c                _write
 .text.MX_GPIO_Init
                0x08000f98      0x150 Build/gpio.o
                0x08000f98                MX_GPIO_Init
 .text.MX_TIM1_Init
                0x080010e8       0x68 Build/tim.o
                0x080010e8                MX_TIM1_Init
 .text.MX_TIM2_Init
                0x08001150       0x64 Build/tim.o
                0x08001150                MX_TIM2_Init
 .text.MX_TIM3_Init
                0x080011b4       0x68 Build/tim.o
                0x080011b4                MX_TIM3_Init
 .text.MX_TIM4_Init
                0x0800121c       0x68 Build/tim.o
                0x0800121c                MX_TIM4_Init
 .text.HAL_TIM_Encoder_MspInit
                0x08001284      0x230 Build/tim.o
                0x08001284                HAL_TIM_Encoder_MspInit
 .text.HAL_TIM_PWM_MspInit
                0x080014b4       0x40 Build/tim.o
                0x080014b4                HAL_TIM_PWM_MspInit
 .text.HAL_TIM_MspPostInit
                0x080014f4       0x60 Build/tim.o
                0x080014f4                HAL_TIM_MspPostInit
 .text.MX_TIM8_Init
                0x08001554       0xf0 Build/tim.o
                0x08001554                MX_TIM8_Init
 .text.MX_UART4_Init
                0x08001644       0x34 Build/usart.o
                0x08001644                MX_UART4_Init
 .text.MX_USART2_UART_Init
                0x08001678       0x34 Build/usart.o
                0x08001678                MX_USART2_UART_Init
 .text.HAL_UART_MspInit
                0x080016ac       0xdc Build/usart.o
                0x080016ac                HAL_UART_MspInit
 .text.NMI_Handler
                0x08001788        0x2 Build/stm32f4xx_it.o
                0x08001788                NMI_Handler
 .text.HardFault_Handler
                0x0800178a        0x2 Build/stm32f4xx_it.o
                0x0800178a                HardFault_Handler
 .text.MemManage_Handler
                0x0800178c        0x2 Build/stm32f4xx_it.o
                0x0800178c                MemManage_Handler
 .text.BusFault_Handler
                0x0800178e        0x2 Build/stm32f4xx_it.o
                0x0800178e                BusFault_Handler
 .text.UsageFault_Handler
                0x08001790        0x2 Build/stm32f4xx_it.o
                0x08001790                UsageFault_Handler
 .text.SVC_Handler
                0x08001792        0x2 Build/stm32f4xx_it.o
                0x08001792                SVC_Handler
 .text.DebugMon_Handler
                0x08001794        0x2 Build/stm32f4xx_it.o
                0x08001794                DebugMon_Handler
 .text.PendSV_Handler
                0x08001796        0x2 Build/stm32f4xx_it.o
                0x08001796                PendSV_Handler
 .text.SysTick_Handler
                0x08001798        0x8 Build/stm32f4xx_it.o
                0x08001798                SysTick_Handler
 .text.TIM1_BRK_TIM9_IRQHandler
                0x080017a0       0x10 Build/stm32f4xx_it.o
                0x080017a0                TIM1_BRK_TIM9_IRQHandler
 .text.TIM1_UP_TIM10_IRQHandler
                0x080017b0       0x10 Build/stm32f4xx_it.o
                0x080017b0                TIM1_UP_TIM10_IRQHandler
 .text.TIM1_TRG_COM_TIM11_IRQHandler
                0x080017c0       0x10 Build/stm32f4xx_it.o
                0x080017c0                TIM1_TRG_COM_TIM11_IRQHandler
 .text.TIM1_CC_IRQHandler
                0x080017d0       0x10 Build/stm32f4xx_it.o
                0x080017d0                TIM1_CC_IRQHandler
 .text.TIM2_IRQHandler
                0x080017e0       0x10 Build/stm32f4xx_it.o
                0x080017e0                TIM2_IRQHandler
 .text.TIM3_IRQHandler
                0x080017f0       0x10 Build/stm32f4xx_it.o
                0x080017f0                TIM3_IRQHandler
 .text.TIM4_IRQHandler
                0x08001800       0x10 Build/stm32f4xx_it.o
                0x08001800                TIM4_IRQHandler
 .text.USART2_IRQHandler
                0x08001810       0x10 Build/stm32f4xx_it.o
                0x08001810                USART2_IRQHandler
 .text.TIM8_UP_TIM13_IRQHandler
                0x08001820       0x10 Build/stm32f4xx_it.o
                0x08001820                TIM8_UP_TIM13_IRQHandler
 .text.HAL_MspInit
                0x08001830       0x40 Build/stm32f4xx_hal_msp.o
                0x08001830                HAL_MspInit
 .text.TIM_OC1_SetConfig
                0x08001870       0x68 Build/stm32f4xx_hal_tim.o
 .text.TIM_OC3_SetConfig
                0x080018d8       0x70 Build/stm32f4xx_hal_tim.o
 .text.TIM_OC4_SetConfig
                0x08001948       0x50 Build/stm32f4xx_hal_tim.o
 .text.HAL_TIM_Base_Start
                0x08001998       0x24 Build/stm32f4xx_hal_tim.o
                0x08001998                HAL_TIM_Base_Start
 .text.HAL_TIM_PeriodElapsedCallback
                0x080019bc        0x2 Build/stm32f4xx_hal_tim.o
                0x080019bc                HAL_TIM_PeriodElapsedCallback
 .text.HAL_TIM_OC_DelayElapsedCallback
                0x080019be        0x2 Build/stm32f4xx_hal_tim.o
                0x080019be                HAL_TIM_OC_DelayElapsedCallback
 .text.HAL_TIM_IC_CaptureCallback
                0x080019c0        0x2 Build/stm32f4xx_hal_tim.o
                0x080019c0                HAL_TIM_IC_CaptureCallback
 .text.HAL_TIM_PWM_PulseFinishedCallback
                0x080019c2        0x2 Build/stm32f4xx_hal_tim.o
                0x080019c2                HAL_TIM_PWM_PulseFinishedCallback
 .text.HAL_TIM_TriggerCallback
                0x080019c4        0x2 Build/stm32f4xx_hal_tim.o
                0x080019c4                HAL_TIM_TriggerCallback
 .text.HAL_TIM_IRQHandler
                0x080019c6      0x17a Build/stm32f4xx_hal_tim.o
                0x080019c6                HAL_TIM_IRQHandler
 .text.TIM_Base_SetConfig
                0x08001b40       0xc8 Build/stm32f4xx_hal_tim.o
                0x08001b40                TIM_Base_SetConfig
 .text.HAL_TIM_PWM_Init
                0x08001c08       0x34 Build/stm32f4xx_hal_tim.o
                0x08001c08                HAL_TIM_PWM_Init
 .text.HAL_TIM_Encoder_Init
                0x08001c3c       0x9c Build/stm32f4xx_hal_tim.o
                0x08001c3c                HAL_TIM_Encoder_Init
 .text.TIM_OC2_SetConfig
                0x08001cd8       0x70 Build/stm32f4xx_hal_tim.o
                0x08001cd8                TIM_OC2_SetConfig
 .text.HAL_TIM_PWM_ConfigChannel
                0x08001d48       0xdc Build/stm32f4xx_hal_tim.o
                0x08001d48                HAL_TIM_PWM_ConfigChannel
 .text.TIM_CCxChannelCmd
                0x08001e24       0x24 Build/stm32f4xx_hal_tim.o
                0x08001e24                TIM_CCxChannelCmd
 .text.HAL_TIM_PWM_Start
                0x08001e48       0x40 Build/stm32f4xx_hal_tim.o
                0x08001e48                HAL_TIM_PWM_Start
 .text.HAL_TIM_Encoder_Start
                0x08001e88       0x44 Build/stm32f4xx_hal_tim.o
                0x08001e88                HAL_TIM_Encoder_Start
 .text.HAL_TIMEx_MasterConfigSynchronization
                0x08001ecc       0x46 Build/stm32f4xx_hal_tim_ex.o
                0x08001ecc                HAL_TIMEx_MasterConfigSynchronization
 .text.HAL_TIMEx_ConfigBreakDeadTime
                0x08001f12       0x52 Build/stm32f4xx_hal_tim_ex.o
                0x08001f12                HAL_TIMEx_ConfigBreakDeadTime
 .text.HAL_TIMEx_CommutCallback
                0x08001f64        0x2 Build/stm32f4xx_hal_tim_ex.o
                0x08001f64                HAL_TIMEx_CommutCallback
 .text.HAL_TIMEx_BreakCallback
                0x08001f66        0x2 Build/stm32f4xx_hal_tim_ex.o
                0x08001f66                HAL_TIMEx_BreakCallback
 .text.UART_EndRxTransfer
                0x08001f68       0x1c Build/stm32f4xx_hal_uart.o
 .text.UART_Transmit_IT
                0x08001f84       0x66 Build/stm32f4xx_hal_uart.o
 *fill*         0x08001fea        0x2 
 .text.UART_SetConfig
                0x08001fec      0x334 Build/stm32f4xx_hal_uart.o
 .text.HAL_UART_Init
                0x08002320       0x5e Build/stm32f4xx_hal_uart.o
                0x08002320                HAL_UART_Init
 .text.HAL_UART_TxCpltCallback
                0x0800237e        0x2 Build/stm32f4xx_hal_uart.o
                0x0800237e                HAL_UART_TxCpltCallback
 .text.UART_EndTransmit_IT
                0x08002380       0x1a Build/stm32f4xx_hal_uart.o
 .text.HAL_UART_RxCpltCallback
                0x0800239a        0x2 Build/stm32f4xx_hal_uart.o
                0x0800239a                HAL_UART_RxCpltCallback
 .text.UART_Receive_IT
                0x0800239c       0x9e Build/stm32f4xx_hal_uart.o
 .text.HAL_UART_ErrorCallback
                0x0800243a        0x2 Build/stm32f4xx_hal_uart.o
                0x0800243a                HAL_UART_ErrorCallback
 .text.HAL_UART_IRQHandler
                0x0800243c      0x120 Build/stm32f4xx_hal_uart.o
                0x0800243c                HAL_UART_IRQHandler
 .text.UART_DMAAbortOnError
                0x0800255c       0x10 Build/stm32f4xx_hal_uart.o
 .text.HAL_RCC_OscConfig
                0x0800256c      0x398 Build/stm32f4xx_hal_rcc.o
                0x0800256c                HAL_RCC_OscConfig
 .text.HAL_RCC_GetSysClockFreq
                0x08002904       0xcc Build/stm32f4xx_hal_rcc.o
                0x08002904                HAL_RCC_GetSysClockFreq
 .text.HAL_RCC_ClockConfig
                0x080029d0      0x15c Build/stm32f4xx_hal_rcc.o
                0x080029d0                HAL_RCC_ClockConfig
 .text.HAL_RCC_GetHCLKFreq
                0x08002b2c        0xc Build/stm32f4xx_hal_rcc.o
                0x08002b2c                HAL_RCC_GetHCLKFreq
 .text.HAL_RCC_GetPCLK1Freq
                0x08002b38       0x20 Build/stm32f4xx_hal_rcc.o
                0x08002b38                HAL_RCC_GetPCLK1Freq
 .text.HAL_RCC_GetPCLK2Freq
                0x08002b58       0x20 Build/stm32f4xx_hal_rcc.o
                0x08002b58                HAL_RCC_GetPCLK2Freq
 .text.HAL_GPIO_Init
                0x08002b78      0x1cc Build/stm32f4xx_hal_gpio.o
                0x08002b78                HAL_GPIO_Init
 .text.HAL_GPIO_WritePin
                0x08002d44        0xc Build/stm32f4xx_hal_gpio.o
                0x08002d44                HAL_GPIO_WritePin
 .text.HAL_DMA_Abort_IT
                0x08002d50       0x26 Build/stm32f4xx_hal_dma.o
                0x08002d50                HAL_DMA_Abort_IT
 *fill*         0x08002d76        0x2 
 .text.HAL_NVIC_SetPriorityGrouping
                0x08002d78       0x24 Build/stm32f4xx_hal_cortex.o
                0x08002d78                HAL_NVIC_SetPriorityGrouping
 .text.HAL_NVIC_SetPriority
                0x08002d9c       0x68 Build/stm32f4xx_hal_cortex.o
                0x08002d9c                HAL_NVIC_SetPriority
 .text.HAL_NVIC_EnableIRQ
                0x08002e04       0x1c Build/stm32f4xx_hal_cortex.o
                0x08002e04                HAL_NVIC_EnableIRQ
 .text.HAL_SYSTICK_Config
                0x08002e20       0x2c Build/stm32f4xx_hal_cortex.o
                0x08002e20                HAL_SYSTICK_Config
 .text.HAL_InitTick
                0x08002e4c       0x4c Build/stm32f4xx_hal.o
                0x08002e4c                HAL_InitTick
 .text.HAL_Init
                0x08002e98       0x34 Build/stm32f4xx_hal.o
                0x08002e98                HAL_Init
 .text.HAL_IncTick
                0x08002ecc       0x18 Build/stm32f4xx_hal.o
                0x08002ecc                HAL_IncTick
 .text.HAL_GetTick
                0x08002ee4        0xc Build/stm32f4xx_hal.o
                0x08002ee4                HAL_GetTick
 .text.SystemInit
                0x08002ef0       0x4c Build/system_stm32f4xx.o
                0x08002ef0                SystemInit
 .text.Reset_Handler
                0x08002f3c       0x50 Build/startup_stm32f407xx.o
                0x08002f3c                Reset_Handler
 .text.Default_Handler
                0x08002f8c        0x2 Build/startup_stm32f407xx.o
                0x08002f8c                RTC_Alarm_IRQHandler
                0x08002f8c                HASH_RNG_IRQHandler
                0x08002f8c                EXTI2_IRQHandler
                0x08002f8c                TIM8_CC_IRQHandler
                0x08002f8c                DMA2_Stream5_IRQHandler
                0x08002f8c                DMA1_Stream5_IRQHandler
                0x08002f8c                PVD_IRQHandler
                0x08002f8c                SDIO_IRQHandler
                0x08002f8c                TAMP_STAMP_IRQHandler
                0x08002f8c                CAN2_RX1_IRQHandler
                0x08002f8c                EXTI3_IRQHandler
                0x08002f8c                TIM8_TRG_COM_TIM14_IRQHandler
                0x08002f8c                I2C3_ER_IRQHandler
                0x08002f8c                EXTI0_IRQHandler
                0x08002f8c                I2C2_EV_IRQHandler
                0x08002f8c                DMA1_Stream2_IRQHandler
                0x08002f8c                CAN1_RX0_IRQHandler
                0x08002f8c                FPU_IRQHandler
                0x08002f8c                OTG_HS_WKUP_IRQHandler
                0x08002f8c                CAN2_SCE_IRQHandler
                0x08002f8c                DMA2_Stream2_IRQHandler
                0x08002f8c                SPI1_IRQHandler
                0x08002f8c                TIM6_DAC_IRQHandler
                0x08002f8c                DCMI_IRQHandler
                0x08002f8c                CAN2_RX0_IRQHandler
                0x08002f8c                DMA2_Stream3_IRQHandler
                0x08002f8c                USART6_IRQHandler
                0x08002f8c                USART3_IRQHandler
                0x08002f8c                CAN1_RX1_IRQHandler
                0x08002f8c                UART5_IRQHandler
                0x08002f8c                DMA2_Stream0_IRQHandler
                0x08002f8c                I2C1_EV_IRQHandler
                0x08002f8c                DMA1_Stream6_IRQHandler
                0x08002f8c                DMA1_Stream1_IRQHandler
                0x08002f8c                UART4_IRQHandler
                0x08002f8c                RCC_IRQHandler
                0x08002f8c                TIM8_BRK_TIM12_IRQHandler
                0x08002f8c                Default_Handler
                0x08002f8c                EXTI15_10_IRQHandler
                0x08002f8c                ADC_IRQHandler
                0x08002f8c                DMA1_Stream7_IRQHandler
                0x08002f8c                TIM7_IRQHandler
                0x08002f8c                CAN2_TX_IRQHandler
                0x08002f8c                TIM5_IRQHandler
                0x08002f8c                DMA2_Stream7_IRQHandler
                0x08002f8c                I2C3_EV_IRQHandler
                0x08002f8c                EXTI9_5_IRQHandler
                0x08002f8c                RTC_WKUP_IRQHandler
                0x08002f8c                ETH_WKUP_IRQHandler
                0x08002f8c                SPI2_IRQHandler
                0x08002f8c                OTG_HS_EP1_IN_IRQHandler
                0x08002f8c                DMA1_Stream0_IRQHandler
                0x08002f8c                CAN1_TX_IRQHandler
                0x08002f8c                EXTI4_IRQHandler
                0x08002f8c                FSMC_IRQHandler
                0x08002f8c                ETH_IRQHandler
                0x08002f8c                OTG_HS_EP1_OUT_IRQHandler
                0x08002f8c                WWDG_IRQHandler
                0x08002f8c                OTG_FS_WKUP_IRQHandler
                0x08002f8c                OTG_HS_IRQHandler
                0x08002f8c                EXTI1_IRQHandler
                0x08002f8c                I2C2_ER_IRQHandler
                0x08002f8c                DMA2_Stream1_IRQHandler
                0x08002f8c                CAN1_SCE_IRQHandler
                0x08002f8c                FLASH_IRQHandler
                0x08002f8c                DMA2_Stream4_IRQHandler
                0x08002f8c                USART1_IRQHandler
                0x08002f8c                OTG_FS_IRQHandler
                0x08002f8c                SPI3_IRQHandler
                0x08002f8c                DMA1_Stream4_IRQHandler
                0x08002f8c                I2C1_ER_IRQHandler
                0x08002f8c                DMA2_Stream6_IRQHandler
                0x08002f8c                DMA1_Stream3_IRQHandler
 *fill*         0x08002f8e        0x2 
 .text._Z41__static_initialization_and_destruction_0ii
                0x08002f90       0x20 Build/actuator.o
 .text._Z4playv
                0x08002fb0       0xa8 Build/actuator.o
                0x08002fb0                play()
 .text._GLOBAL__sub_I_velocity
                0x08003058        0xe Build/actuator.o
 *fill*         0x08003066        0x2 
 .text.__tcf_0  0x08003068       0x18 Build/robo_init.o
 .text._ZL10motor_initv
                0x08003080       0xe0 Build/robo_init.o
 .text._Z41__static_initialization_and_destruction_0ii
                0x08003160       0x3c Build/robo_init.o
 .text._Z9robo_initv
                0x0800319c        0xc Build/robo_init.o
                0x0800319c                robo_init()
 .text._GLOBAL__sub_I_motor
                0x080031a8        0xe Build/robo_init.o
 *fill*         0x080031b6        0x2 
 .text.__tcf_0  0x080031b8       0x18 Build/encoder.o
 .text._Z41__static_initialization_and_destruction_0ii
                0x080031d0       0x40 Build/encoder.o
 .text._Z12encoder_initv
                0x08003210       0x48 Build/encoder.o
                0x08003210                encoder_init()
 .text._ZN7encoder9calculateEv
                0x08003258       0x58 Build/encoder.o
                0x08003258                encoder::calculate()
 .text._Z14calculate_datai
                0x080032b0       0x18 Build/encoder.o
                0x080032b0                calculate_data(int)
 .text._Z8get_datai
                0x080032c8       0x14 Build/encoder.o
                0x080032c8                get_data(int)
 .text._GLOBAL__sub_I__Z12encoder_initv
                0x080032dc        0xe Build/encoder.o
 *fill*         0x080032ea        0x2 
 .text._Z18SystemClock_Configv
                0x080032ec       0x98 Build/main.o
                0x080032ec                SystemClock_Config()
 .text.main     0x08003384       0x34 Build/main.o
                0x08003384                main
 .text.Error_Handler
                0x080033b8        0x2 Build/main.o
                0x080033b8                Error_Handler
 *fill*         0x080033ba        0x6 
 .text._ZN8distance10calculate1Ev
                0x080033c0       0xa0 Build/distance.o
                0x080033c0                distance::calculate1()
 .text._ZN8distance10calculate2Ev
                0x08003460       0x74 Build/distance.o
                0x08003460                distance::calculate2()
 *fill*         0x080034d4        0x4 
 .text._ZN8distance10calculate3Ev
                0x080034d8       0xc0 Build/distance.o
                0x080034d8                distance::calculate3()
 .text._Z15calculate1_datav
                0x08003598       0x10 Build/distance.o
                0x08003598                calculate1_data()
 .text._Z15calculate2_datav
                0x080035a8       0x10 Build/distance.o
                0x080035a8                calculate2_data()
 .text._Z15calculate3_datav
                0x080035b8       0x10 Build/distance.o
                0x080035b8                calculate3_data()
 .text._Z15getfinaldata_vxv
                0x080035c8        0xc Build/distance.o
                0x080035c8                getfinaldata_vx()
 .text._Z15getfinaldata_vyv
                0x080035d4        0xc Build/distance.o
                0x080035d4                getfinaldata_vy()
 .text._Z15getfinaldata_vwv
                0x080035e0        0xc Build/distance.o
                0x080035e0                getfinaldata_vw()
 .text.__aeabi_atexit
                0x080035ec        0xa c:/vsarm/armcc/bin/../lib/gcc/arm-none-eabi/9.2.1/../../../../arm-none-eabi/lib/thumb/v7e-m+fp/hard\libstdc++_nano.a(atexit_arm.o)
                0x080035ec                __aeabi_atexit
 *fill*         0x080035f6        0x2 
 .text.__cxa_atexit
                0x080035f8       0x1c c:/vsarm/armcc/bin/../lib/gcc/arm-none-eabi/9.2.1/../../../../arm-none-eabi/lib/thumb/v7e-m+fp/hard\libc_nano.a(lib_a-cxa_atexit.o)
                0x080035f8                __cxa_atexit
 .text.__libc_init_array
                0x08003614       0x48 c:/vsarm/armcc/bin/../lib/gcc/arm-none-eabi/9.2.1/../../../../arm-none-eabi/lib/thumb/v7e-m+fp/hard\libc_nano.a(lib_a-init.o)
                0x08003614                __libc_init_array
 .text.memset   0x0800365c       0x10 c:/vsarm/armcc/bin/../lib/gcc/arm-none-eabi/9.2.1/../../../../arm-none-eabi/lib/thumb/v7e-m+fp/hard\libc_nano.a(lib_a-memset.o)
                0x0800365c                memset
 .text.__cvt    0x0800366c       0xc4 c:/vsarm/armcc/bin/../lib/gcc/arm-none-eabi/9.2.1/../../../../arm-none-eabi/lib/thumb/v7e-m+fp/hard\libc_nano.a(lib_a-nano-vfprintf_float.o)
                0x0800366c                __cvt
 .text.__exponent
                0x08003730       0x7c c:/vsarm/armcc/bin/../lib/gcc/arm-none-eabi/9.2.1/../../../../arm-none-eabi/lib/thumb/v7e-m+fp/hard\libc_nano.a(lib_a-nano-vfprintf_float.o)
                0x08003730                __exponent
 .text._printf_float
                0x080037ac      0x46c c:/vsarm/armcc/bin/../lib/gcc/arm-none-eabi/9.2.1/../../../../arm-none-eabi/lib/thumb/v7e-m+fp/hard\libc_nano.a(lib_a-nano-vfprintf_float.o)
                0x080037ac                _printf_float
 .text._printf_common
                0x08003c18       0xda c:/vsarm/armcc/bin/../lib/gcc/arm-none-eabi/9.2.1/../../../../arm-none-eabi/lib/thumb/v7e-m+fp/hard\libc_nano.a(lib_a-nano-vfprintf_i.o)
                0x08003c18                _printf_common
 *fill*         0x08003cf2        0x2 
 .text._printf_i
                0x08003cf4      0x24c c:/vsarm/armcc/bin/../lib/gcc/arm-none-eabi/9.2.1/../../../../arm-none-eabi/lib/thumb/v7e-m+fp/hard\libc_nano.a(lib_a-nano-vfprintf_i.o)
                0x08003cf4                _printf_i
 .text.printf   0x08003f40       0x30 c:/vsarm/armcc/bin/../lib/gcc/arm-none-eabi/9.2.1/../../../../arm-none-eabi/lib/thumb/v7e-m+fp/hard\libc_nano.a(lib_a-printf.o)
                0x08003f40                iprintf
                0x08003f40                printf
 .text.quorem   0x08003f70      0x116 c:/vsarm/armcc/bin/../lib/gcc/arm-none-eabi/9.2.1/../../../../arm-none-eabi/lib/thumb/v7e-m+fp/hard\libc_nano.a(lib_a-dtoa.o)
 *fill*         0x08004086        0x2 
 .text._dtoa_r  0x08004088      0xbbc c:/vsarm/armcc/bin/../lib/gcc/arm-none-eabi/9.2.1/../../../../arm-none-eabi/lib/thumb/v7e-m+fp/hard\libc_nano.a(lib_a-dtoa.o)
                0x08004088                _dtoa_r
 .text.std      0x08004c44       0x48 c:/vsarm/armcc/bin/../lib/gcc/arm-none-eabi/9.2.1/../../../../arm-none-eabi/lib/thumb/v7e-m+fp/hard\libc_nano.a(lib_a-findfp.o)
 .text._cleanup_r
                0x08004c8c        0xc c:/vsarm/armcc/bin/../lib/gcc/arm-none-eabi/9.2.1/../../../../arm-none-eabi/lib/thumb/v7e-m+fp/hard\libc_nano.a(lib_a-findfp.o)
                0x08004c8c                _cleanup_r
 .text.__sfmoreglue
                0x08004c98       0x2c c:/vsarm/armcc/bin/../lib/gcc/arm-none-eabi/9.2.1/../../../../arm-none-eabi/lib/thumb/v7e-m+fp/hard\libc_nano.a(lib_a-findfp.o)
                0x08004c98                __sfmoreglue
 .text.__sfp_lock_acquire
                0x08004cc4        0xc c:/vsarm/armcc/bin/../lib/gcc/arm-none-eabi/9.2.1/../../../../arm-none-eabi/lib/thumb/v7e-m+fp/hard\libc_nano.a(lib_a-findfp.o)
                0x08004cc4                __sfp_lock_acquire
 .text.__sfp_lock_release
                0x08004cd0        0xc c:/vsarm/armcc/bin/../lib/gcc/arm-none-eabi/9.2.1/../../../../arm-none-eabi/lib/thumb/v7e-m+fp/hard\libc_nano.a(lib_a-findfp.o)
                0x08004cd0                __sfp_lock_release
 .text.__sinit_lock_acquire
                0x08004cdc        0xc c:/vsarm/armcc/bin/../lib/gcc/arm-none-eabi/9.2.1/../../../../arm-none-eabi/lib/thumb/v7e-m+fp/hard\libc_nano.a(lib_a-findfp.o)
                0x08004cdc                __sinit_lock_acquire
 .text.__sinit_lock_release
                0x08004ce8        0xc c:/vsarm/armcc/bin/../lib/gcc/arm-none-eabi/9.2.1/../../../../arm-none-eabi/lib/thumb/v7e-m+fp/hard\libc_nano.a(lib_a-findfp.o)
                0x08004ce8                __sinit_lock_release
 .text.__sinit  0x08004cf4       0x70 c:/vsarm/armcc/bin/../lib/gcc/arm-none-eabi/9.2.1/../../../../arm-none-eabi/lib/thumb/v7e-m+fp/hard\libc_nano.a(lib_a-findfp.o)
                0x08004cf4                __sinit
 .text.__sfp    0x08004d64       0x8c c:/vsarm/armcc/bin/../lib/gcc/arm-none-eabi/9.2.1/../../../../arm-none-eabi/lib/thumb/v7e-m+fp/hard\libc_nano.a(lib_a-findfp.o)
                0x08004d64                __sfp
 .text._fwalk_reent
                0x08004df0       0x3e c:/vsarm/armcc/bin/../lib/gcc/arm-none-eabi/9.2.1/../../../../arm-none-eabi/lib/thumb/v7e-m+fp/hard\libc_nano.a(lib_a-fwalk.o)
                0x08004df0                _fwalk_reent
 *fill*         0x08004e2e        0x2 
 .text._localeconv_r
                0x08004e30        0x8 c:/vsarm/armcc/bin/../lib/gcc/arm-none-eabi/9.2.1/../../../../arm-none-eabi/lib/thumb/v7e-m+fp/hard\libc_nano.a(lib_a-localeconv.o)
                0x08004e30                _localeconv_r
 .text.__retarget_lock_init_recursive
                0x08004e38        0x2 c:/vsarm/armcc/bin/../lib/gcc/arm-none-eabi/9.2.1/../../../../arm-none-eabi/lib/thumb/v7e-m+fp/hard\libc_nano.a(lib_a-lock.o)
                0x08004e38                __retarget_lock_init_recursive
 .text.__retarget_lock_acquire_recursive
                0x08004e3a        0x2 c:/vsarm/armcc/bin/../lib/gcc/arm-none-eabi/9.2.1/../../../../arm-none-eabi/lib/thumb/v7e-m+fp/hard\libc_nano.a(lib_a-lock.o)
                0x08004e3a                __retarget_lock_acquire_recursive
 .text.__retarget_lock_release_recursive
                0x08004e3c        0x2 c:/vsarm/armcc/bin/../lib/gcc/arm-none-eabi/9.2.1/../../../../arm-none-eabi/lib/thumb/v7e-m+fp/hard\libc_nano.a(lib_a-lock.o)
                0x08004e3c                __retarget_lock_release_recursive
 *fill*         0x08004e3e        0x2 
 .text.malloc   0x08004e40       0x10 c:/vsarm/armcc/bin/../lib/gcc/arm-none-eabi/9.2.1/../../../../arm-none-eabi/lib/thumb/v7e-m+fp/hard\libc_nano.a(lib_a-malloc.o)
                0x08004e40                malloc
 .text.memcpy   0x08004e50       0x1c c:/vsarm/armcc/bin/../lib/gcc/arm-none-eabi/9.2.1/../../../../arm-none-eabi/lib/thumb/v7e-m+fp/hard\libc_nano.a(lib_a-memcpy-stub.o)
                0x08004e50                memcpy
 .text._Balloc  0x08004e6c       0x68 c:/vsarm/armcc/bin/../lib/gcc/arm-none-eabi/9.2.1/../../../../arm-none-eabi/lib/thumb/v7e-m+fp/hard\libc_nano.a(lib_a-mprec.o)
                0x08004e6c                _Balloc
 .text._Bfree   0x08004ed4       0x2e c:/vsarm/armcc/bin/../lib/gcc/arm-none-eabi/9.2.1/../../../../arm-none-eabi/lib/thumb/v7e-m+fp/hard\libc_nano.a(lib_a-mprec.o)
                0x08004ed4                _Bfree
 .text.__multadd
                0x08004f02       0x7c c:/vsarm/armcc/bin/../lib/gcc/arm-none-eabi/9.2.1/../../../../arm-none-eabi/lib/thumb/v7e-m+fp/hard\libc_nano.a(lib_a-mprec.o)
                0x08004f02                __multadd
 .text.__hi0bits
                0x08004f7e       0x40 c:/vsarm/armcc/bin/../lib/gcc/arm-none-eabi/9.2.1/../../../../arm-none-eabi/lib/thumb/v7e-m+fp/hard\libc_nano.a(lib_a-mprec.o)
                0x08004f7e                __hi0bits
 .text.__lo0bits
                0x08004fbe       0x60 c:/vsarm/armcc/bin/../lib/gcc/arm-none-eabi/9.2.1/../../../../arm-none-eabi/lib/thumb/v7e-m+fp/hard\libc_nano.a(lib_a-mprec.o)
                0x08004fbe                __lo0bits
 .text.__i2b    0x0800501e       0x12 c:/vsarm/armcc/bin/../lib/gcc/arm-none-eabi/9.2.1/../../../../arm-none-eabi/lib/thumb/v7e-m+fp/hard\libc_nano.a(lib_a-mprec.o)
                0x0800501e                __i2b
 .text.__multiply
                0x08005030      0x138 c:/vsarm/armcc/bin/../lib/gcc/arm-none-eabi/9.2.1/../../../../arm-none-eabi/lib/thumb/v7e-m+fp/hard\libc_nano.a(lib_a-mprec.o)
                0x08005030                __multiply
 .text.__pow5mult
                0x08005168       0x9c c:/vsarm/armcc/bin/../lib/gcc/arm-none-eabi/9.2.1/../../../../arm-none-eabi/lib/thumb/v7e-m+fp/hard\libc_nano.a(lib_a-mprec.o)
                0x08005168                __pow5mult
 .text.__lshift
                0x08005204       0xbe c:/vsarm/armcc/bin/../lib/gcc/arm-none-eabi/9.2.1/../../../../arm-none-eabi/lib/thumb/v7e-m+fp/hard\libc_nano.a(lib_a-mprec.o)
                0x08005204                __lshift
 .text.__mcmp   0x080052c2       0x38 c:/vsarm/armcc/bin/../lib/gcc/arm-none-eabi/9.2.1/../../../../arm-none-eabi/lib/thumb/v7e-m+fp/hard\libc_nano.a(lib_a-mprec.o)
                0x080052c2                __mcmp
 .text.__mdiff  0x080052fa       0xec c:/vsarm/armcc/bin/../lib/gcc/arm-none-eabi/9.2.1/../../../../arm-none-eabi/lib/thumb/v7e-m+fp/hard\libc_nano.a(lib_a-mprec.o)
                0x080052fa                __mdiff
 .text.__d2b    0x080053e6       0xa0 c:/vsarm/armcc/bin/../lib/gcc/arm-none-eabi/9.2.1/../../../../arm-none-eabi/lib/thumb/v7e-m+fp/hard\libc_nano.a(lib_a-mprec.o)
                0x080053e6                __d2b
 .text._calloc_r
                0x08005486       0x1e c:/vsarm/armcc/bin/../lib/gcc/arm-none-eabi/9.2.1/../../../../arm-none-eabi/lib/thumb/v7e-m+fp/hard\libc_nano.a(lib_a-nano-callocr.o)
                0x08005486                _calloc_r
 .text._free_r  0x080054a4       0xa0 c:/vsarm/armcc/bin/../lib/gcc/arm-none-eabi/9.2.1/../../../../arm-none-eabi/lib/thumb/v7e-m+fp/hard\libc_nano.a(lib_a-nano-freer.o)
                0x080054a4                _free_r
 .text._malloc_r
                0x08005544       0xb4 c:/vsarm/armcc/bin/../lib/gcc/arm-none-eabi/9.2.1/../../../../arm-none-eabi/lib/thumb/v7e-m+fp/hard\libc_nano.a(lib_a-nano-mallocr.o)
                0x08005544                _malloc_r
 .text.__sfputc_r
                0x080055f8       0x2e c:/vsarm/armcc/bin/../lib/gcc/arm-none-eabi/9.2.1/../../../../arm-none-eabi/lib/thumb/v7e-m+fp/hard\libc_nano.a(lib_a-nano-vfprintf.o)
 .text.__sfputs_r
                0x08005626       0x24 c:/vsarm/armcc/bin/../lib/gcc/arm-none-eabi/9.2.1/../../../../arm-none-eabi/lib/thumb/v7e-m+fp/hard\libc_nano.a(lib_a-nano-vfprintf.o)
                0x08005626                __sfputs_r
 *fill*         0x0800564a        0x2 
 .text._vfprintf_r
                0x0800564c      0x260 c:/vsarm/armcc/bin/../lib/gcc/arm-none-eabi/9.2.1/../../../../arm-none-eabi/lib/thumb/v7e-m+fp/hard\libc_nano.a(lib_a-nano-vfprintf.o)
                0x0800564c                _vfprintf_r
                0x0800564c                _vfiprintf_r
 .text._sbrk_r  0x080058ac       0x20 c:/vsarm/armcc/bin/../lib/gcc/arm-none-eabi/9.2.1/../../../../arm-none-eabi/lib/thumb/v7e-m+fp/hard\libc_nano.a(lib_a-sbrkr.o)
                0x080058ac                _sbrk_r
 .text.__sread  0x080058cc       0x22 c:/vsarm/armcc/bin/../lib/gcc/arm-none-eabi/9.2.1/../../../../arm-none-eabi/lib/thumb/v7e-m+fp/hard\libc_nano.a(lib_a-stdio.o)
                0x080058cc                __sread
 .text.__swrite
                0x080058ee       0x38 c:/vsarm/armcc/bin/../lib/gcc/arm-none-eabi/9.2.1/../../../../arm-none-eabi/lib/thumb/v7e-m+fp/hard\libc_nano.a(lib_a-stdio.o)
                0x080058ee                __swrite
 .text.__sseek  0x08005926       0x24 c:/vsarm/armcc/bin/../lib/gcc/arm-none-eabi/9.2.1/../../../../arm-none-eabi/lib/thumb/v7e-m+fp/hard\libc_nano.a(lib_a-stdio.o)
                0x08005926                __sseek
 .text.__sclose
                0x0800594a        0x8 c:/vsarm/armcc/bin/../lib/gcc/arm-none-eabi/9.2.1/../../../../arm-none-eabi/lib/thumb/v7e-m+fp/hard\libc_nano.a(lib_a-stdio.o)
                0x0800594a                __sclose
 *fill*         0x08005952        0x2 
 .text.__swbuf_r
                0x08005954       0xa4 c:/vsarm/armcc/bin/../lib/gcc/arm-none-eabi/9.2.1/../../../../arm-none-eabi/lib/thumb/v7e-m+fp/hard\libc_nano.a(lib_a-wbuf.o)
                0x08005954                __swbuf_r
 .text._write_r
                0x080059f8       0x24 c:/vsarm/armcc/bin/../lib/gcc/arm-none-eabi/9.2.1/../../../../arm-none-eabi/lib/thumb/v7e-m+fp/hard\libc_nano.a(lib_a-writer.o)
                0x080059f8                _write_r
 .text.__swsetup_r
                0x08005a1c       0xdc c:/vsarm/armcc/bin/../lib/gcc/arm-none-eabi/9.2.1/../../../../arm-none-eabi/lib/thumb/v7e-m+fp/hard\libc_nano.a(lib_a-wsetup.o)
                0x08005a1c                __swsetup_r
 .text._close_r
                0x08005af8       0x20 c:/vsarm/armcc/bin/../lib/gcc/arm-none-eabi/9.2.1/../../../../arm-none-eabi/lib/thumb/v7e-m+fp/hard\libc_nano.a(lib_a-closer.o)
                0x08005af8                _close_r
 .text.__sflush_r
                0x08005b18      0x10c c:/vsarm/armcc/bin/../lib/gcc/arm-none-eabi/9.2.1/../../../../arm-none-eabi/lib/thumb/v7e-m+fp/hard\libc_nano.a(lib_a-fflush.o)
                0x08005b18                __sflush_r
 .text._fflush_r
                0x08005c24       0x78 c:/vsarm/armcc/bin/../lib/gcc/arm-none-eabi/9.2.1/../../../../arm-none-eabi/lib/thumb/v7e-m+fp/hard\libc_nano.a(lib_a-fflush.o)
                0x08005c24                _fflush_r
 .text._lseek_r
                0x08005c9c       0x24 c:/vsarm/armcc/bin/../lib/gcc/arm-none-eabi/9.2.1/../../../../arm-none-eabi/lib/thumb/v7e-m+fp/hard\libc_nano.a(lib_a-lseekr.o)
                0x08005c9c                _lseek_r
 .text.__swhatbuf_r
                0x08005cc0       0x48 c:/vsarm/armcc/bin/../lib/gcc/arm-none-eabi/9.2.1/../../../../arm-none-eabi/lib/thumb/v7e-m+fp/hard\libc_nano.a(lib_a-makebuf.o)
                0x08005cc0                __swhatbuf_r
 .text.__smakebuf_r
                0x08005d08       0x80 c:/vsarm/armcc/bin/../lib/gcc/arm-none-eabi/9.2.1/../../../../arm-none-eabi/lib/thumb/v7e-m+fp/hard\libc_nano.a(lib_a-makebuf.o)
                0x08005d08                __smakebuf_r
 .text.__ascii_mbtowc
                0x08005d88       0x24 c:/vsarm/armcc/bin/../lib/gcc/arm-none-eabi/9.2.1/../../../../arm-none-eabi/lib/thumb/v7e-m+fp/hard\libc_nano.a(lib_a-mbtowc_r.o)
                0x08005d88                __ascii_mbtowc
 .text.__malloc_lock
                0x08005dac        0xc c:/vsarm/armcc/bin/../lib/gcc/arm-none-eabi/9.2.1/../../../../arm-none-eabi/lib/thumb/v7e-m+fp/hard\libc_nano.a(lib_a-mlock.o)
                0x08005dac                __malloc_lock
 .text.__malloc_unlock
                0x08005db8        0xc c:/vsarm/armcc/bin/../lib/gcc/arm-none-eabi/9.2.1/../../../../arm-none-eabi/lib/thumb/v7e-m+fp/hard\libc_nano.a(lib_a-mlock.o)
                0x08005db8                __malloc_unlock
 .text._read_r  0x08005dc4       0x24 c:/vsarm/armcc/bin/../lib/gcc/arm-none-eabi/9.2.1/../../../../arm-none-eabi/lib/thumb/v7e-m+fp/hard\libc_nano.a(lib_a-readr.o)
                0x08005dc4                _read_r
 .text.__ascii_wctomb
                0x08005de8       0x1a c:/vsarm/armcc/bin/../lib/gcc/arm-none-eabi/9.2.1/../../../../arm-none-eabi/lib/thumb/v7e-m+fp/hard\libc_nano.a(lib_a-wctomb_r.o)
                0x08005de8                __ascii_wctomb
 *fill*         0x08005e02        0x2 
 .text._fstat_r
                0x08005e04       0x24 c:/vsarm/armcc/bin/../lib/gcc/arm-none-eabi/9.2.1/../../../../arm-none-eabi/lib/thumb/v7e-m+fp/hard\libc_nano.a(lib_a-fstatr.o)
                0x08005e04                _fstat_r
 .text._isatty_r
                0x08005e28       0x20 c:/vsarm/armcc/bin/../lib/gcc/arm-none-eabi/9.2.1/../../../../arm-none-eabi/lib/thumb/v7e-m+fp/hard\libc_nano.a(lib_a-isattyr.o)
                0x08005e28                _isatty_r
 .text._close   0x08005e48       0x10 c:/vsarm/armcc/bin/../lib/gcc/arm-none-eabi/9.2.1/../../../../arm-none-eabi/lib/thumb/v7e-m+fp/hard\libnosys.a(close.o)
                0x08005e48                _close
 .text._fstat   0x08005e58       0x10 c:/vsarm/armcc/bin/../lib/gcc/arm-none-eabi/9.2.1/../../../../arm-none-eabi/lib/thumb/v7e-m+fp/hard\libnosys.a(fstat.o)
                0x08005e58                _fstat
 .text._isatty  0x08005e68       0x10 c:/vsarm/armcc/bin/../lib/gcc/arm-none-eabi/9.2.1/../../../../arm-none-eabi/lib/thumb/v7e-m+fp/hard\libnosys.a(isatty.o)
                0x08005e68                _isatty
 .text._lseek   0x08005e78       0x10 c:/vsarm/armcc/bin/../lib/gcc/arm-none-eabi/9.2.1/../../../../arm-none-eabi/lib/thumb/v7e-m+fp/hard\libnosys.a(lseek.o)
                0x08005e78                _lseek
 .text._read    0x08005e88       0x10 c:/vsarm/armcc/bin/../lib/gcc/arm-none-eabi/9.2.1/../../../../arm-none-eabi/lib/thumb/v7e-m+fp/hard\libnosys.a(read.o)
                0x08005e88                _read
 .text._sbrk    0x08005e98       0x1c c:/vsarm/armcc/bin/../lib/gcc/arm-none-eabi/9.2.1/../../../../arm-none-eabi/lib/thumb/v7e-m+fp/hard\libnosys.a(sbrk.o)
                0x08005e98                _sbrk
 *(.glue_7)
 .glue_7        0x08005eb4        0x0 linker stubs
 *(.glue_7t)
 .glue_7t       0x08005eb4        0x0 linker stubs
 *(.eh_frame)
 .eh_frame      0x08005eb4        0x0 c:/vsarm/armcc/bin/../lib/gcc/arm-none-eabi/9.2.1/thumb/v7e-m+fp/hard/crtbegin.o
 *(.init)
 .init          0x08005eb4        0x4 c:/vsarm/armcc/bin/../lib/gcc/arm-none-eabi/9.2.1/thumb/v7e-m+fp/hard/crti.o
                0x08005eb4                _init
 .init          0x08005eb8        0x8 c:/vsarm/armcc/bin/../lib/gcc/arm-none-eabi/9.2.1/thumb/v7e-m+fp/hard/crtn.o
 *(.fini)
 .fini          0x08005ec0        0x4 c:/vsarm/armcc/bin/../lib/gcc/arm-none-eabi/9.2.1/thumb/v7e-m+fp/hard/crti.o
                0x08005ec0                _fini
 .fini          0x08005ec4        0x8 c:/vsarm/armcc/bin/../lib/gcc/arm-none-eabi/9.2.1/thumb/v7e-m+fp/hard/crtn.o
                0x08005ecc                . = ALIGN (0x4)
                0x08005ecc                _etext = .

.vfp11_veneer   0x08005ecc        0x0
 .vfp11_veneer  0x08005ecc        0x0 linker stubs

.v4_bx          0x08005ecc        0x0
 .v4_bx         0x08005ecc        0x0 linker stubs

.iplt           0x08005ecc        0x0
 .iplt          0x08005ecc        0x0 c:/vsarm/armcc/bin/../lib/gcc/arm-none-eabi/9.2.1/thumb/v7e-m+fp/hard/crtbegin.o

.rodata         0x08005ed0      0x300
                0x08005ed0                . = ALIGN (0x4)
 *(.rodata)
 *(.rodata*)
 .rodata.AHBPrescTable
                0x08005ed0       0x10 Build/system_stm32f4xx.o
                0x08005ed0                AHBPrescTable
 .rodata.APBPrescTable
                0x08005ee0        0x8 Build/system_stm32f4xx.o
                0x08005ee0                APBPrescTable
 .rodata._Z4playv.str1.4
                0x08005ee8       0x21 Build/actuator.o
 *fill*         0x08005f09        0x3 
 .rodata._global_impure_ptr
                0x08005f0c        0x4 c:/vsarm/armcc/bin/../lib/gcc/arm-none-eabi/9.2.1/../../../../arm-none-eabi/lib/thumb/v7e-m+fp/hard\libc_nano.a(lib_a-impure.o)
                0x08005f0c                _global_impure_ptr
 .rodata._printf_float.str1.1
                0x08005f10       0x12 c:/vsarm/armcc/bin/../lib/gcc/arm-none-eabi/9.2.1/../../../../arm-none-eabi/lib/thumb/v7e-m+fp/hard\libc_nano.a(lib_a-nano-vfprintf_float.o)
 .rodata._printf_i.str1.1
                0x08005f22       0x22 c:/vsarm/armcc/bin/../lib/gcc/arm-none-eabi/9.2.1/../../../../arm-none-eabi/lib/thumb/v7e-m+fp/hard\libc_nano.a(lib_a-nano-vfprintf_i.o)
 .rodata._dtoa_r.str1.1
                0x08005f44        0xd c:/vsarm/armcc/bin/../lib/gcc/arm-none-eabi/9.2.1/../../../../arm-none-eabi/lib/thumb/v7e-m+fp/hard\libc_nano.a(lib_a-dtoa.o)
                                  0xf (size before relaxing)
 *fill*         0x08005f51        0x3 
 .rodata.__sf_fake_stderr
                0x08005f54       0x20 c:/vsarm/armcc/bin/../lib/gcc/arm-none-eabi/9.2.1/../../../../arm-none-eabi/lib/thumb/v7e-m+fp/hard\libc_nano.a(lib_a-findfp.o)
                0x08005f54                __sf_fake_stderr
 .rodata.__sf_fake_stdin
                0x08005f74       0x20 c:/vsarm/armcc/bin/../lib/gcc/arm-none-eabi/9.2.1/../../../../arm-none-eabi/lib/thumb/v7e-m+fp/hard\libc_nano.a(lib_a-findfp.o)
                0x08005f74                __sf_fake_stdin
 .rodata.__sf_fake_stdout
                0x08005f94       0x20 c:/vsarm/armcc/bin/../lib/gcc/arm-none-eabi/9.2.1/../../../../arm-none-eabi/lib/thumb/v7e-m+fp/hard\libc_nano.a(lib_a-findfp.o)
                0x08005f94                __sf_fake_stdout
 *fill*         0x08005fb4        0x4 
 .rodata.__mprec_bigtens
                0x08005fb8       0x28 c:/vsarm/armcc/bin/../lib/gcc/arm-none-eabi/9.2.1/../../../../arm-none-eabi/lib/thumb/v7e-m+fp/hard\libc_nano.a(lib_a-mprec.o)
                0x08005fb8                __mprec_bigtens
 .rodata.__mprec_tens
                0x08005fe0       0xc8 c:/vsarm/armcc/bin/../lib/gcc/arm-none-eabi/9.2.1/../../../../arm-none-eabi/lib/thumb/v7e-m+fp/hard\libc_nano.a(lib_a-mprec.o)
                0x08005fe0                __mprec_tens
 .rodata.p05.7490
                0x080060a8        0xc c:/vsarm/armcc/bin/../lib/gcc/arm-none-eabi/9.2.1/../../../../arm-none-eabi/lib/thumb/v7e-m+fp/hard\libc_nano.a(lib_a-mprec.o)
 .rodata._vfprintf_r.str1.1
                0x080060b4       0x11 c:/vsarm/armcc/bin/../lib/gcc/arm-none-eabi/9.2.1/../../../../arm-none-eabi/lib/thumb/v7e-m+fp/hard\libc_nano.a(lib_a-nano-vfprintf.o)
 .rodata._setlocale_r.str1.1
                0x080060c5        0x8 c:/vsarm/armcc/bin/../lib/gcc/arm-none-eabi/9.2.1/../../../../arm-none-eabi/lib/thumb/v7e-m+fp/hard\libc_nano.a(lib_a-locale.o)
                                  0x9 (size before relaxing)
 .rodata.str1.1
                0x080060cd        0x2 c:/vsarm/armcc/bin/../lib/gcc/arm-none-eabi/9.2.1/../../../../arm-none-eabi/lib/thumb/v7e-m+fp/hard\libc_nano.a(lib_a-locale.o)
 .rodata._ctype_
                0x080060cf      0x101 c:/vsarm/armcc/bin/../lib/gcc/arm-none-eabi/9.2.1/../../../../arm-none-eabi/lib/thumb/v7e-m+fp/hard\libc_nano.a(lib_a-ctype_.o)
                0x080060cf                _ctype_
                0x080061d0                . = ALIGN (0x4)

.ARM.extab
 *(.ARM.extab* .gnu.linkonce.armextab.*)

.ARM            0x080061d0        0x8
                0x080061d0                __exidx_start = .
 *(.ARM.exidx*)
 .ARM.exidx     0x080061d0        0x8 c:/vsarm/armcc/bin/../lib/gcc/arm-none-eabi/9.2.1/thumb/v7e-m+fp/hard\libgcc.a(_udivmoddi4.o)
                0x080061d8                __exidx_end = .

.rel.dyn        0x080061d8        0x0
 .rel.iplt      0x080061d8        0x0 c:/vsarm/armcc/bin/../lib/gcc/arm-none-eabi/9.2.1/thumb/v7e-m+fp/hard/crtbegin.o

.preinit_array  0x080061d8        0x0
                0x080061d8                PROVIDE (__preinit_array_start = .)
 *(.preinit_array*)
                0x080061d8                PROVIDE (__preinit_array_end = .)

.init_array     0x080061d8       0x10
                0x080061d8                PROVIDE (__init_array_start = .)
 *(SORT_BY_NAME(.init_array.*))
 *(.init_array*)
 .init_array    0x080061d8        0x4 c:/vsarm/armcc/bin/../lib/gcc/arm-none-eabi/9.2.1/thumb/v7e-m+fp/hard/crtbegin.o
 .init_array    0x080061dc        0x4 Build/actuator.o
 .init_array    0x080061e0        0x4 Build/robo_init.o
 .init_array    0x080061e4        0x4 Build/encoder.o
                0x080061e8                PROVIDE (__init_array_end = .)

.fini_array     0x080061e8        0x4
                [!provide]                PROVIDE (__fini_array_start = .)
 *(SORT_BY_NAME(.fini_array.*))
 *(.fini_array*)
 .fini_array    0x080061e8        0x4 c:/vsarm/armcc/bin/../lib/gcc/arm-none-eabi/9.2.1/thumb/v7e-m+fp/hard/crtbegin.o
                [!provide]                PROVIDE (__fini_array_end = .)
                0x080061ec                _sidata = LOADADDR (.data)

.data           0x20000000      0x238 load address 0x080061ec
                0x20000000                . = ALIGN (0x4)
                0x20000000                _sdata = .
 *(.data)
 .data          0x20000000        0x4 c:/vsarm/armcc/bin/../lib/gcc/arm-none-eabi/9.2.1/thumb/v7e-m+fp/hard/crtbegin.o
                0x20000000                __dso_handle
 *(.data*)
 .data.uwTickFreq
                0x20000004        0x1 Build/stm32f4xx_hal.o
                0x20000004                uwTickFreq
 *fill*         0x20000005        0x3 
 .data.uwTickPrio
                0x20000008        0x4 Build/stm32f4xx_hal.o
                0x20000008                uwTickPrio
 .data.SystemCoreClock
                0x2000000c        0x4 Build/system_stm32f4xx.o
                0x2000000c                SystemCoreClock
 .data.dis      0x20000010       0x58 Build/distance.o
                0x20000010                dis
 .data._impure_ptr
                0x20000068        0x4 c:/vsarm/armcc/bin/../lib/gcc/arm-none-eabi/9.2.1/../../../../arm-none-eabi/lib/thumb/v7e-m+fp/hard\libc_nano.a(lib_a-impure.o)
                0x20000068                _impure_ptr
 .data.impure_data
                0x2000006c       0x60 c:/vsarm/armcc/bin/../lib/gcc/arm-none-eabi/9.2.1/../../../../arm-none-eabi/lib/thumb/v7e-m+fp/hard\libc_nano.a(lib_a-impure.o)
 .data.__global_locale
                0x200000cc      0x16c c:/vsarm/armcc/bin/../lib/gcc/arm-none-eabi/9.2.1/../../../../arm-none-eabi/lib/thumb/v7e-m+fp/hard\libc_nano.a(lib_a-locale.o)
                0x200000cc                __global_locale
                0x20000238                . = ALIGN (0x4)
                0x20000238                _edata = .
                0x08006424                _siccmram = LOADADDR (.ccmram)

.igot.plt       0x20000238        0x0 load address 0x08006424
 .igot.plt      0x20000238        0x0 c:/vsarm/armcc/bin/../lib/gcc/arm-none-eabi/9.2.1/thumb/v7e-m+fp/hard/crtbegin.o

.ccmram         0x10000000        0x0 load address 0x08006424
                0x10000000                . = ALIGN (0x4)
                0x10000000                _sccmram = .
 *(.ccmram)
 *(.ccmram*)
                0x10000000                . = ALIGN (0x4)
                0x10000000                _eccmram = .
                0x10000000                . = ALIGN (0x4)

.bss            0x20000238      0x2c0
                0x20000238                _sbss = .
                0x20000238                __bss_start__ = _sbss
 *(.bss)
 .bss           0x20000238       0x1c c:/vsarm/armcc/bin/../lib/gcc/arm-none-eabi/9.2.1/thumb/v7e-m+fp/hard/crtbegin.o
 *(.bss*)
 .bss.time      0x20000254        0x4 Build/actuator.o
                0x20000254                time
 .bss._ZL20motor_configurations
                0x20000258       0x80 Build/robo_init.o
 .bss.motor     0x200002d8       0x10 Build/robo_init.o
                0x200002d8                motor
 .bss._ZL14encoder_config
                0x200002e8       0x30 Build/encoder.o
 .bss.__malloc_free_list
                0x20000318        0x4 c:/vsarm/armcc/bin/../lib/gcc/arm-none-eabi/9.2.1/../../../../arm-none-eabi/lib/thumb/v7e-m+fp/hard\libc_nano.a(lib_a-nano-mallocr.o)
                0x20000318                __malloc_free_list
 .bss.__malloc_sbrk_start
                0x2000031c        0x4 c:/vsarm/armcc/bin/../lib/gcc/arm-none-eabi/9.2.1/../../../../arm-none-eabi/lib/thumb/v7e-m+fp/hard\libc_nano.a(lib_a-nano-mallocr.o)
                0x2000031c                __malloc_sbrk_start
 .bss.heap_end.5507
                0x20000320        0x4 c:/vsarm/armcc/bin/../lib/gcc/arm-none-eabi/9.2.1/../../../../arm-none-eabi/lib/thumb/v7e-m+fp/hard\libnosys.a(sbrk.o)
 *(COMMON)
 COMMON         0x20000324      0x140 Build/tim.o
                0x20000324                htim8
                0x20000364                htim4
                0x200003a4                htim3
                0x200003e4                htim1
                0x20000424                htim2
 COMMON         0x20000464       0x80 Build/usart.o
                0x20000464                huart4
                0x200004a4                huart2
 COMMON         0x200004e4        0x4 Build/stm32f4xx_hal.o
                0x200004e4                uwTick
 COMMON         0x200004e8        0x9 c:/vsarm/armcc/bin/../lib/gcc/arm-none-eabi/9.2.1/../../../../arm-none-eabi/lib/thumb/v7e-m+fp/hard\libc_nano.a(lib_a-lock.o)
                0x200004e8                __lock___atexit_recursive_mutex
                0x200004e9                __lock___arc4random_mutex
                0x200004ea                __lock___env_recursive_mutex
                0x200004eb                __lock___sinit_recursive_mutex
                0x200004ec                __lock___malloc_recursive_mutex
                0x200004ed                __lock___at_quick_exit_mutex
                0x200004ee                __lock___dd_hash_mutex
                0x200004ef                __lock___tz_mutex
                0x200004f0                __lock___sfp_recursive_mutex
 *fill*         0x200004f1        0x3 
 COMMON         0x200004f4        0x4 c:/vsarm/armcc/bin/../lib/gcc/arm-none-eabi/9.2.1/../../../../arm-none-eabi/lib/thumb/v7e-m+fp/hard\libc_nano.a(lib_a-reent.o)
                0x200004f4                errno
                0x200004f8                . = ALIGN (0x4)
                0x200004f8                _ebss = .
                0x200004f8                __bss_end__ = _ebss

._user_heap_stack
                0x200004f8      0x600
                0x200004f8                . = ALIGN (0x8)
                0x200004f8                PROVIDE (end = .)
                [!provide]                PROVIDE (_end = .)
                0x200006f8                . = (. + _Min_Heap_Size)
 *fill*         0x200004f8      0x200 
                0x20000af8                . = (. + _Min_Stack_Size)
 *fill*         0x200006f8      0x400 
                0x20000af8                . = ALIGN (0x8)

/DISCARD/
 libc.a(*)
 libm.a(*)
 libgcc.a(*)

.ARM.attributes
                0x00000000       0x30
 *(.ARM.attributes)
 .ARM.attributes
                0x00000000       0x1e c:/vsarm/armcc/bin/../lib/gcc/arm-none-eabi/9.2.1/thumb/v7e-m+fp/hard/crti.o
 .ARM.attributes
                0x0000001e       0x34 c:/vsarm/armcc/bin/../lib/gcc/arm-none-eabi/9.2.1/thumb/v7e-m+fp/hard/crtbegin.o
 .ARM.attributes
                0x00000052       0x34 Build/printf_config.o
 .ARM.attributes
                0x00000086       0x34 Build/gpio.o
 .ARM.attributes
                0x000000ba       0x34 Build/tim.o
 .ARM.attributes
                0x000000ee       0x34 Build/usart.o
 .ARM.attributes
                0x00000122       0x34 Build/stm32f4xx_it.o
 .ARM.attributes
                0x00000156       0x34 Build/stm32f4xx_hal_msp.o
 .ARM.attributes
                0x0000018a       0x34 Build/stm32f4xx_hal_tim.o
 .ARM.attributes
                0x000001be       0x34 Build/stm32f4xx_hal_tim_ex.o
 .ARM.attributes
                0x000001f2       0x34 Build/stm32f4xx_hal_uart.o
 .ARM.attributes
                0x00000226       0x34 Build/stm32f4xx_hal_rcc.o
 .ARM.attributes
                0x0000025a       0x34 Build/stm32f4xx_hal_gpio.o
 .ARM.attributes
                0x0000028e       0x34 Build/stm32f4xx_hal_dma.o
 .ARM.attributes
                0x000002c2       0x34 Build/stm32f4xx_hal_cortex.o
 .ARM.attributes
                0x000002f6       0x34 Build/stm32f4xx_hal.o
 .ARM.attributes
                0x0000032a       0x34 Build/system_stm32f4xx.o
 .ARM.attributes
                0x0000035e       0x21 Build/startup_stm32f407xx.o
 .ARM.attributes
                0x0000037f       0x34 Build/actuator.o
 .ARM.attributes
                0x000003b3       0x34 Build/robo_init.o
 .ARM.attributes
                0x000003e7       0x34 Build/encoder.o
 .ARM.attributes
                0x0000041b       0x34 Build/main.o
 .ARM.attributes
                0x0000044f       0x34 Build/distance.o
 .ARM.attributes
                0x00000483       0x34 c:/vsarm/armcc/bin/../lib/gcc/arm-none-eabi/9.2.1/../../../../arm-none-eabi/lib/thumb/v7e-m+fp/hard\libstdc++_nano.a(atexit_arm.o)
 .ARM.attributes
                0x000004b7       0x34 c:/vsarm/armcc/bin/../lib/gcc/arm-none-eabi/9.2.1/../../../../arm-none-eabi/lib/thumb/v7e-m+fp/hard\libc_nano.a(lib_a-cxa_atexit.o)
 .ARM.attributes
                0x000004eb       0x32 c:/vsarm/armcc/bin/../lib/gcc/arm-none-eabi/9.2.1/../../../../arm-none-eabi/lib/thumb/v7e-m+fp/hard\libc_nano.a(lib_a-impure.o)
 .ARM.attributes
                0x0000051d       0x34 c:/vsarm/armcc/bin/../lib/gcc/arm-none-eabi/9.2.1/../../../../arm-none-eabi/lib/thumb/v7e-m+fp/hard\libc_nano.a(lib_a-init.o)
 .ARM.attributes
                0x00000551       0x34 c:/vsarm/armcc/bin/../lib/gcc/arm-none-eabi/9.2.1/../../../../arm-none-eabi/lib/thumb/v7e-m+fp/hard\libc_nano.a(lib_a-memset.o)
 .ARM.attributes
                0x00000585       0x34 c:/vsarm/armcc/bin/../lib/gcc/arm-none-eabi/9.2.1/../../../../arm-none-eabi/lib/thumb/v7e-m+fp/hard\libc_nano.a(lib_a-nano-vfprintf_float.o)
 .ARM.attributes
                0x000005b9       0x34 c:/vsarm/armcc/bin/../lib/gcc/arm-none-eabi/9.2.1/../../../../arm-none-eabi/lib/thumb/v7e-m+fp/hard\libc_nano.a(lib_a-nano-vfprintf_i.o)
 .ARM.attributes
                0x000005ed       0x34 c:/vsarm/armcc/bin/../lib/gcc/arm-none-eabi/9.2.1/../../../../arm-none-eabi/lib/thumb/v7e-m+fp/hard\libc_nano.a(lib_a-printf.o)
 .ARM.attributes
                0x00000621       0x17 c:/vsarm/armcc/bin/../lib/gcc/arm-none-eabi/9.2.1/../../../../arm-none-eabi/lib/thumb/v7e-m+fp/hard\libc_nano.a(lib_a-strlen.o)
 .ARM.attributes
                0x00000638       0x34 c:/vsarm/armcc/bin/../lib/gcc/arm-none-eabi/9.2.1/../../../../arm-none-eabi/lib/thumb/v7e-m+fp/hard\libc_nano.a(lib_a-dtoa.o)
 .ARM.attributes
                0x0000066c       0x34 c:/vsarm/armcc/bin/../lib/gcc/arm-none-eabi/9.2.1/../../../../arm-none-eabi/lib/thumb/v7e-m+fp/hard\libc_nano.a(lib_a-findfp.o)
 .ARM.attributes
                0x000006a0       0x34 c:/vsarm/armcc/bin/../lib/gcc/arm-none-eabi/9.2.1/../../../../arm-none-eabi/lib/thumb/v7e-m+fp/hard\libc_nano.a(lib_a-fwalk.o)
 .ARM.attributes
                0x000006d4       0x34 c:/vsarm/armcc/bin/../lib/gcc/arm-none-eabi/9.2.1/../../../../arm-none-eabi/lib/thumb/v7e-m+fp/hard\libc_nano.a(lib_a-localeconv.o)
 .ARM.attributes
                0x00000708       0x34 c:/vsarm/armcc/bin/../lib/gcc/arm-none-eabi/9.2.1/../../../../arm-none-eabi/lib/thumb/v7e-m+fp/hard\libc_nano.a(lib_a-lock.o)
 .ARM.attributes
                0x0000073c       0x34 c:/vsarm/armcc/bin/../lib/gcc/arm-none-eabi/9.2.1/../../../../arm-none-eabi/lib/thumb/v7e-m+fp/hard\libc_nano.a(lib_a-malloc.o)
 .ARM.attributes
                0x00000770       0x1c c:/vsarm/armcc/bin/../lib/gcc/arm-none-eabi/9.2.1/../../../../arm-none-eabi/lib/thumb/v7e-m+fp/hard\libc_nano.a(lib_a-memchr.o)
 .ARM.attributes
                0x0000078c       0x34 c:/vsarm/armcc/bin/../lib/gcc/arm-none-eabi/9.2.1/../../../../arm-none-eabi/lib/thumb/v7e-m+fp/hard\libc_nano.a(lib_a-memcpy-stub.o)
 .ARM.attributes
                0x000007c0       0x34 c:/vsarm/armcc/bin/../lib/gcc/arm-none-eabi/9.2.1/../../../../arm-none-eabi/lib/thumb/v7e-m+fp/hard\libc_nano.a(lib_a-mprec.o)
 .ARM.attributes
                0x000007f4       0x34 c:/vsarm/armcc/bin/../lib/gcc/arm-none-eabi/9.2.1/../../../../arm-none-eabi/lib/thumb/v7e-m+fp/hard\libc_nano.a(lib_a-nano-callocr.o)
 .ARM.attributes
                0x00000828       0x34 c:/vsarm/armcc/bin/../lib/gcc/arm-none-eabi/9.2.1/../../../../arm-none-eabi/lib/thumb/v7e-m+fp/hard\libc_nano.a(lib_a-nano-freer.o)
 .ARM.attributes
                0x0000085c       0x34 c:/vsarm/armcc/bin/../lib/gcc/arm-none-eabi/9.2.1/../../../../arm-none-eabi/lib/thumb/v7e-m+fp/hard\libc_nano.a(lib_a-nano-mallocr.o)
 .ARM.attributes
                0x00000890       0x34 c:/vsarm/armcc/bin/../lib/gcc/arm-none-eabi/9.2.1/../../../../arm-none-eabi/lib/thumb/v7e-m+fp/hard\libc_nano.a(lib_a-nano-vfprintf.o)
 .ARM.attributes
                0x000008c4       0x34 c:/vsarm/armcc/bin/../lib/gcc/arm-none-eabi/9.2.1/../../../../arm-none-eabi/lib/thumb/v7e-m+fp/hard\libc_nano.a(lib_a-sbrkr.o)
 .ARM.attributes
                0x000008f8       0x34 c:/vsarm/armcc/bin/../lib/gcc/arm-none-eabi/9.2.1/../../../../arm-none-eabi/lib/thumb/v7e-m+fp/hard\libc_nano.a(lib_a-stdio.o)
 .ARM.attributes
                0x0000092c       0x34 c:/vsarm/armcc/bin/../lib/gcc/arm-none-eabi/9.2.1/../../../../arm-none-eabi/lib/thumb/v7e-m+fp/hard\libc_nano.a(lib_a-wbuf.o)
 .ARM.attributes
                0x00000960       0x34 c:/vsarm/armcc/bin/../lib/gcc/arm-none-eabi/9.2.1/../../../../arm-none-eabi/lib/thumb/v7e-m+fp/hard\libc_nano.a(lib_a-writer.o)
 .ARM.attributes
                0x00000994       0x34 c:/vsarm/armcc/bin/../lib/gcc/arm-none-eabi/9.2.1/../../../../arm-none-eabi/lib/thumb/v7e-m+fp/hard\libc_nano.a(lib_a-wsetup.o)
 .ARM.attributes
                0x000009c8       0x34 c:/vsarm/armcc/bin/../lib/gcc/arm-none-eabi/9.2.1/../../../../arm-none-eabi/lib/thumb/v7e-m+fp/hard\libc_nano.a(lib_a-closer.o)
 .ARM.attributes
                0x000009fc       0x34 c:/vsarm/armcc/bin/../lib/gcc/arm-none-eabi/9.2.1/../../../../arm-none-eabi/lib/thumb/v7e-m+fp/hard\libc_nano.a(lib_a-fflush.o)
 .ARM.attributes
                0x00000a30       0x34 c:/vsarm/armcc/bin/../lib/gcc/arm-none-eabi/9.2.1/../../../../arm-none-eabi/lib/thumb/v7e-m+fp/hard\libc_nano.a(lib_a-locale.o)
 .ARM.attributes
                0x00000a64       0x34 c:/vsarm/armcc/bin/../lib/gcc/arm-none-eabi/9.2.1/../../../../arm-none-eabi/lib/thumb/v7e-m+fp/hard\libc_nano.a(lib_a-lseekr.o)
 .ARM.attributes
                0x00000a98       0x34 c:/vsarm/armcc/bin/../lib/gcc/arm-none-eabi/9.2.1/../../../../arm-none-eabi/lib/thumb/v7e-m+fp/hard\libc_nano.a(lib_a-makebuf.o)
 .ARM.attributes
                0x00000acc       0x34 c:/vsarm/armcc/bin/../lib/gcc/arm-none-eabi/9.2.1/../../../../arm-none-eabi/lib/thumb/v7e-m+fp/hard\libc_nano.a(lib_a-mbtowc_r.o)
 .ARM.attributes
                0x00000b00       0x34 c:/vsarm/armcc/bin/../lib/gcc/arm-none-eabi/9.2.1/../../../../arm-none-eabi/lib/thumb/v7e-m+fp/hard\libc_nano.a(lib_a-mlock.o)
 .ARM.attributes
                0x00000b34       0x34 c:/vsarm/armcc/bin/../lib/gcc/arm-none-eabi/9.2.1/../../../../arm-none-eabi/lib/thumb/v7e-m+fp/hard\libc_nano.a(lib_a-readr.o)
 .ARM.attributes
                0x00000b68       0x34 c:/vsarm/armcc/bin/../lib/gcc/arm-none-eabi/9.2.1/../../../../arm-none-eabi/lib/thumb/v7e-m+fp/hard\libc_nano.a(lib_a-reent.o)
 .ARM.attributes
                0x00000b9c       0x34 c:/vsarm/armcc/bin/../lib/gcc/arm-none-eabi/9.2.1/../../../../arm-none-eabi/lib/thumb/v7e-m+fp/hard\libc_nano.a(lib_a-wctomb_r.o)
 .ARM.attributes
                0x00000bd0       0x32 c:/vsarm/armcc/bin/../lib/gcc/arm-none-eabi/9.2.1/../../../../arm-none-eabi/lib/thumb/v7e-m+fp/hard\libc_nano.a(lib_a-ctype_.o)
 .ARM.attributes
                0x00000c02       0x34 c:/vsarm/armcc/bin/../lib/gcc/arm-none-eabi/9.2.1/../../../../arm-none-eabi/lib/thumb/v7e-m+fp/hard\libc_nano.a(lib_a-fstatr.o)
 .ARM.attributes
                0x00000c36       0x34 c:/vsarm/armcc/bin/../lib/gcc/arm-none-eabi/9.2.1/../../../../arm-none-eabi/lib/thumb/v7e-m+fp/hard\libc_nano.a(lib_a-isattyr.o)
 .ARM.attributes
                0x00000c6a       0x1e c:/vsarm/armcc/bin/../lib/gcc/arm-none-eabi/9.2.1/thumb/v7e-m+fp/hard\libgcc.a(_arm_addsubdf3.o)
 .ARM.attributes
                0x00000c88       0x1e c:/vsarm/armcc/bin/../lib/gcc/arm-none-eabi/9.2.1/thumb/v7e-m+fp/hard\libgcc.a(_arm_muldivdf3.o)
 .ARM.attributes
                0x00000ca6       0x1e c:/vsarm/armcc/bin/../lib/gcc/arm-none-eabi/9.2.1/thumb/v7e-m+fp/hard\libgcc.a(_arm_cmpdf2.o)
 .ARM.attributes
                0x00000cc4       0x1e c:/vsarm/armcc/bin/../lib/gcc/arm-none-eabi/9.2.1/thumb/v7e-m+fp/hard\libgcc.a(_arm_unorddf2.o)
 .ARM.attributes
                0x00000ce2       0x1e c:/vsarm/armcc/bin/../lib/gcc/arm-none-eabi/9.2.1/thumb/v7e-m+fp/hard\libgcc.a(_arm_fixdfsi.o)
 .ARM.attributes
                0x00000d00       0x1e c:/vsarm/armcc/bin/../lib/gcc/arm-none-eabi/9.2.1/thumb/v7e-m+fp/hard\libgcc.a(_arm_truncdfsf2.o)
 .ARM.attributes
                0x00000d1e       0x1e c:/vsarm/armcc/bin/../lib/gcc/arm-none-eabi/9.2.1/thumb/v7e-m+fp/hard\libgcc.a(_aeabi_uldivmod.o)
 .ARM.attributes
                0x00000d3c       0x34 c:/vsarm/armcc/bin/../lib/gcc/arm-none-eabi/9.2.1/thumb/v7e-m+fp/hard\libgcc.a(_udivmoddi4.o)
 .ARM.attributes
                0x00000d70       0x1e c:/vsarm/armcc/bin/../lib/gcc/arm-none-eabi/9.2.1/thumb/v7e-m+fp/hard\libgcc.a(_dvmd_tls.o)
 .ARM.attributes
                0x00000d8e       0x34 c:/vsarm/armcc/bin/../lib/gcc/arm-none-eabi/9.2.1/../../../../arm-none-eabi/lib/thumb/v7e-m+fp/hard\libnosys.a(close.o)
 .ARM.attributes
                0x00000dc2       0x34 c:/vsarm/armcc/bin/../lib/gcc/arm-none-eabi/9.2.1/../../../../arm-none-eabi/lib/thumb/v7e-m+fp/hard\libnosys.a(fstat.o)
 .ARM.attributes
                0x00000df6       0x34 c:/vsarm/armcc/bin/../lib/gcc/arm-none-eabi/9.2.1/../../../../arm-none-eabi/lib/thumb/v7e-m+fp/hard\libnosys.a(isatty.o)
 .ARM.attributes
                0x00000e2a       0x34 c:/vsarm/armcc/bin/../lib/gcc/arm-none-eabi/9.2.1/../../../../arm-none-eabi/lib/thumb/v7e-m+fp/hard\libnosys.a(lseek.o)
 .ARM.attributes
                0x00000e5e       0x34 c:/vsarm/armcc/bin/../lib/gcc/arm-none-eabi/9.2.1/../../../../arm-none-eabi/lib/thumb/v7e-m+fp/hard\libnosys.a(read.o)
 .ARM.attributes
                0x00000e92       0x34 c:/vsarm/armcc/bin/../lib/gcc/arm-none-eabi/9.2.1/../../../../arm-none-eabi/lib/thumb/v7e-m+fp/hard\libnosys.a(sbrk.o)
 .ARM.attributes
                0x00000ec6       0x1e c:/vsarm/armcc/bin/../lib/gcc/arm-none-eabi/9.2.1/thumb/v7e-m+fp/hard/crtn.o
OUTPUT(Build/test2.elf elf32-littlearm)

.debug_info     0x00000000    0x22135
 .debug_info    0x00000000      0x4fb Build/printf_config.o
 .debug_info    0x000004fb     0x1024 Build/gpio.o
 .debug_info    0x0000151f     0x22c5 Build/tim.o
 .debug_info    0x000037e4     0x1800 Build/usart.o
 .debug_info    0x00004fe4     0x155f Build/stm32f4xx_it.o
 .debug_info    0x00006543      0xd30 Build/stm32f4xx_hal_msp.o
 .debug_info    0x00007273     0x3955 Build/stm32f4xx_hal_tim.o
 .debug_info    0x0000abc8     0x181f Build/stm32f4xx_hal_tim_ex.o
 .debug_info    0x0000c3e7     0x1b32 Build/stm32f4xx_hal_uart.o
 .debug_info    0x0000df19      0xbd9 Build/stm32f4xx_hal_rcc.o
 .debug_info    0x0000eaf2      0x8b8 Build/stm32f4xx_hal_gpio.o
 .debug_info    0x0000f3aa      0xc2e Build/stm32f4xx_hal_dma.o
 .debug_info    0x0000ffd8     0x11e1 Build/stm32f4xx_hal_cortex.o
 .debug_info    0x000111b9      0xb2e Build/stm32f4xx_hal.o
 .debug_info    0x00011ce7      0x5df Build/system_stm32f4xx.o
 .debug_info    0x000122c6       0x22 Build/startup_stm32f407xx.o
 .debug_info    0x000122e8     0x397c Build/actuator.o
 .debug_info    0x00015c64     0x3a6a Build/robo_init.o
 .debug_info    0x000196ce     0x1876 Build/encoder.o
 .debug_info    0x0001af44     0x390b Build/main.o
 .debug_info    0x0001e84f     0x38e6 Build/distance.o

.debug_abbrev   0x00000000     0x3cb4
 .debug_abbrev  0x00000000      0x1c9 Build/printf_config.o
 .debug_abbrev  0x000001c9      0x239 Build/gpio.o
 .debug_abbrev  0x00000402      0x2ea Build/tim.o
 .debug_abbrev  0x000006ec      0x284 Build/usart.o
 .debug_abbrev  0x00000970      0x261 Build/stm32f4xx_it.o
 .debug_abbrev  0x00000bd1      0x210 Build/stm32f4xx_hal_msp.o
 .debug_abbrev  0x00000de1      0x2af Build/stm32f4xx_hal_tim.o
 .debug_abbrev  0x00001090      0x2ab Build/stm32f4xx_hal_tim_ex.o
 .debug_abbrev  0x0000133b      0x2fe Build/stm32f4xx_hal_uart.o
 .debug_abbrev  0x00001639      0x2cd Build/stm32f4xx_hal_rcc.o
 .debug_abbrev  0x00001906      0x258 Build/stm32f4xx_hal_gpio.o
 .debug_abbrev  0x00001b5e      0x312 Build/stm32f4xx_hal_dma.o
 .debug_abbrev  0x00001e70      0x3a8 Build/stm32f4xx_hal_cortex.o
 .debug_abbrev  0x00002218      0x220 Build/stm32f4xx_hal.o
 .debug_abbrev  0x00002438      0x12e Build/system_stm32f4xx.o
 .debug_abbrev  0x00002566       0x12 Build/startup_stm32f407xx.o
 .debug_abbrev  0x00002578      0x49f Build/actuator.o
 .debug_abbrev  0x00002a17      0x595 Build/robo_init.o
 .debug_abbrev  0x00002fac      0x42a Build/encoder.o
 .debug_abbrev  0x000033d6      0x405 Build/main.o
 .debug_abbrev  0x000037db      0x4d9 Build/distance.o

.debug_loc      0x00000000     0xae72
 .debug_loc     0x00000000      0x14e Build/printf_config.o
 .debug_loc     0x0000014e       0x39 Build/gpio.o
 .debug_loc     0x00000187      0x433 Build/tim.o
 .debug_loc     0x000005ba      0x162 Build/usart.o
 .debug_loc     0x0000071c      0x140 Build/stm32f4xx_it.o
 .debug_loc     0x0000085c       0x38 Build/stm32f4xx_hal_msp.o
 .debug_loc     0x00000894     0x457e Build/stm32f4xx_hal_tim.o
 .debug_loc     0x00004e12     0x15ca Build/stm32f4xx_hal_tim_ex.o
 .debug_loc     0x000063dc     0x1d3d Build/stm32f4xx_hal_uart.o
 .debug_loc     0x00008119      0x698 Build/stm32f4xx_hal_rcc.o
 .debug_loc     0x000087b1      0x5e1 Build/stm32f4xx_hal_gpio.o
 .debug_loc     0x00008d92      0xd6d Build/stm32f4xx_hal_dma.o
 .debug_loc     0x00009aff      0x7d4 Build/stm32f4xx_hal_cortex.o
 .debug_loc     0x0000a2d3      0x1cc Build/stm32f4xx_hal.o
 .debug_loc     0x0000a49f      0x16c Build/system_stm32f4xx.o
 .debug_loc     0x0000a60b      0x154 Build/actuator.o
 .debug_loc     0x0000a75f      0x185 Build/robo_init.o
 .debug_loc     0x0000a8e4      0x313 Build/encoder.o
 .debug_loc     0x0000abf7       0x59 Build/main.o
 .debug_loc     0x0000ac50      0x222 Build/distance.o

.debug_aranges  0x00000000      0xd28
 .debug_aranges
                0x00000000       0x28 Build/printf_config.o
 .debug_aranges
                0x00000028       0x20 Build/gpio.o
 .debug_aranges
                0x00000048       0x68 Build/tim.o
 .debug_aranges
                0x000000b0       0x38 Build/usart.o
 .debug_aranges
                0x000000e8       0xa8 Build/stm32f4xx_it.o
 .debug_aranges
                0x00000190       0x20 Build/stm32f4xx_hal_msp.o
 .debug_aranges
                0x000001b0      0x3a8 Build/stm32f4xx_hal_tim.o
 .debug_aranges
                0x00000558      0x150 Build/stm32f4xx_hal_tim_ex.o
 .debug_aranges
                0x000006a8      0x1d0 Build/stm32f4xx_hal_uart.o
 .debug_aranges
                0x00000878       0x88 Build/stm32f4xx_hal_rcc.o
 .debug_aranges
                0x00000900       0x58 Build/stm32f4xx_hal_gpio.o
 .debug_aranges
                0x00000958       0x90 Build/stm32f4xx_hal_dma.o
 .debug_aranges
                0x000009e8       0xa8 Build/stm32f4xx_hal_cortex.o
 .debug_aranges
                0x00000a90       0xf0 Build/stm32f4xx_hal.o
 .debug_aranges
                0x00000b80       0x28 Build/system_stm32f4xx.o
 .debug_aranges
                0x00000ba8       0x28 Build/startup_stm32f407xx.o
 .debug_aranges
                0x00000bd0       0x30 Build/actuator.o
 .debug_aranges
                0x00000c00       0x40 Build/robo_init.o
 .debug_aranges
                0x00000c40       0x58 Build/encoder.o
 .debug_aranges
                0x00000c98       0x30 Build/main.o
 .debug_aranges
                0x00000cc8       0x60 Build/distance.o

.debug_ranges   0x00000000      0xca0
 .debug_ranges  0x00000000       0x30 Build/printf_config.o
 .debug_ranges  0x00000030       0x10 Build/gpio.o
 .debug_ranges  0x00000040       0x58 Build/tim.o
 .debug_ranges  0x00000098       0x28 Build/usart.o
 .debug_ranges  0x000000c0       0x98 Build/stm32f4xx_it.o
 .debug_ranges  0x00000158       0x10 Build/stm32f4xx_hal_msp.o
 .debug_ranges  0x00000168      0x398 Build/stm32f4xx_hal_tim.o
 .debug_ranges  0x00000500      0x140 Build/stm32f4xx_hal_tim_ex.o
 .debug_ranges  0x00000640      0x1c0 Build/stm32f4xx_hal_uart.o
 .debug_ranges  0x00000800       0x90 Build/stm32f4xx_hal_rcc.o
 .debug_ranges  0x00000890       0x48 Build/stm32f4xx_hal_gpio.o
 .debug_ranges  0x000008d8       0x80 Build/stm32f4xx_hal_dma.o
 .debug_ranges  0x00000958       0xf8 Build/stm32f4xx_hal_cortex.o
 .debug_ranges  0x00000a50       0xe0 Build/stm32f4xx_hal.o
 .debug_ranges  0x00000b30       0x18 Build/system_stm32f4xx.o
 .debug_ranges  0x00000b48       0x20 Build/startup_stm32f407xx.o
 .debug_ranges  0x00000b68       0x20 Build/actuator.o
 .debug_ranges  0x00000b88       0x30 Build/robo_init.o
 .debug_ranges  0x00000bb8       0x48 Build/encoder.o
 .debug_ranges  0x00000c00       0x20 Build/main.o
 .debug_ranges  0x00000c20       0x80 Build/distance.o

.debug_line     0x00000000     0xc361
 .debug_line    0x00000000      0x1d5 Build/printf_config.o
 .debug_line    0x000001d5      0x2a2 Build/gpio.o
 .debug_line    0x00000477      0x997 Build/tim.o
 .debug_line    0x00000e0e      0x3f7 Build/usart.o
 .debug_line    0x00001205      0x3ef Build/stm32f4xx_it.o
 .debug_line    0x000015f4      0x1e9 Build/stm32f4xx_hal_msp.o
 .debug_line    0x000017dd     0x3670 Build/stm32f4xx_hal_tim.o
 .debug_line    0x00004e4d     0x11a5 Build/stm32f4xx_hal_tim_ex.o
 .debug_line    0x00005ff2     0x1bdf Build/stm32f4xx_hal_uart.o
 .debug_line    0x00007bd1      0xa9a Build/stm32f4xx_hal_rcc.o
 .debug_line    0x0000866b      0x6c8 Build/stm32f4xx_hal_gpio.o
 .debug_line    0x00008d33      0xdea Build/stm32f4xx_hal_dma.o
 .debug_line    0x00009b1d      0x747 Build/stm32f4xx_hal_cortex.o
 .debug_line    0x0000a264      0x50c Build/stm32f4xx_hal.o
 .debug_line    0x0000a770      0x242 Build/system_stm32f4xx.o
 .debug_line    0x0000a9b2       0x74 Build/startup_stm32f407xx.o
 .debug_line    0x0000aa26      0x460 Build/actuator.o
 .debug_line    0x0000ae86      0x5ea Build/robo_init.o
 .debug_line    0x0000b470      0x443 Build/encoder.o
 .debug_line    0x0000b8b3      0x4f7 Build/main.o
 .debug_line    0x0000bdaa      0x5b7 Build/distance.o

.debug_str      0x00000000     0x4fa9
 .debug_str     0x00000000      0x29c Build/printf_config.o
                                0x301 (size before relaxing)
 .debug_str     0x0000029c      0x4fb Build/gpio.o
                                0x7d0 (size before relaxing)
 .debug_str     0x00000797      0xc0c Build/tim.o
                               0x1489 (size before relaxing)
 .debug_str     0x000013a3      0x1e6 Build/usart.o
                               0x1168 (size before relaxing)
 .debug_str     0x00001589      0x199 Build/stm32f4xx_it.o
                                0xd94 (size before relaxing)
 .debug_str     0x00001722       0x46 Build/stm32f4xx_hal_msp.o
                                0x73c (size before relaxing)
 .debug_str     0x00001768      0xcca Build/stm32f4xx_hal_tim.o
                               0x152e (size before relaxing)
 .debug_str     0x00002432      0x423 Build/stm32f4xx_hal_tim_ex.o
                                0xd46 (size before relaxing)
 .debug_str     0x00002855      0x551 Build/stm32f4xx_hal_uart.o
                                0xc79 (size before relaxing)
 .debug_str     0x00002da6      0x28c Build/stm32f4xx_hal_rcc.o
                                0x724 (size before relaxing)
 .debug_str     0x00003032      0x125 Build/stm32f4xx_hal_gpio.o
                                0x551 (size before relaxing)
 .debug_str     0x00003157      0x2ca Build/stm32f4xx_hal_dma.o
                                0x7d7 (size before relaxing)
 .debug_str     0x00003421      0x4a5 Build/stm32f4xx_hal_cortex.o
                                0xc8b (size before relaxing)
 .debug_str     0x000038c6      0x292 Build/stm32f4xx_hal.o
                                0xbc0 (size before relaxing)
 .debug_str     0x00003b58       0x47 Build/system_stm32f4xx.o
                                0x3ba (size before relaxing)
 .debug_str     0x00003b9f       0x24 Build/startup_stm32f407xx.o
                                 0x6e (size before relaxing)
 .debug_str     0x00003bc3      0xf79 Build/actuator.o
                               0x1c14 (size before relaxing)
 .debug_str     0x00004b3c       0xc0 Build/robo_init.o
                               0x1bd0 (size before relaxing)
 .debug_str     0x00004bfc      0x20f Build/encoder.o
                                0xefc (size before relaxing)
 .debug_str     0x00004e0b       0xb1 Build/main.o
                               0x1b60 (size before relaxing)
 .debug_str     0x00004ebc       0xed Build/distance.o
                               0x1ab5 (size before relaxing)

.comment        0x00000000       0x79
 .comment       0x00000000       0x79 Build/printf_config.o
                                 0x7a (size before relaxing)
 .comment       0x00000079       0x7a Build/gpio.o
 .comment       0x00000079       0x7a Build/tim.o
 .comment       0x00000079       0x7a Build/usart.o
 .comment       0x00000079       0x7a Build/stm32f4xx_it.o
 .comment       0x00000079       0x7a Build/stm32f4xx_hal_msp.o
 .comment       0x00000079       0x7a Build/stm32f4xx_hal_tim.o
 .comment       0x00000079       0x7a Build/stm32f4xx_hal_tim_ex.o
 .comment       0x00000079       0x7a Build/stm32f4xx_hal_uart.o
 .comment       0x00000079       0x7a Build/stm32f4xx_hal_rcc.o
 .comment       0x00000079       0x7a Build/stm32f4xx_hal_gpio.o
 .comment       0x00000079       0x7a Build/stm32f4xx_hal_dma.o
 .comment       0x00000079       0x7a Build/stm32f4xx_hal_cortex.o
 .comment       0x00000079       0x7a Build/stm32f4xx_hal.o
 .comment       0x00000079       0x7a Build/system_stm32f4xx.o
 .comment       0x00000079       0x7a Build/actuator.o
 .comment       0x00000079       0x7a Build/robo_init.o
 .comment       0x00000079       0x7a Build/encoder.o
 .comment       0x00000079       0x7a Build/main.o
 .comment       0x00000079       0x7a Build/distance.o

.debug_frame    0x00000000     0x3588
 .debug_frame   0x00000000       0x48 Build/printf_config.o
 .debug_frame   0x00000048       0x44 Build/gpio.o
 .debug_frame   0x0000008c      0x158 Build/tim.o
 .debug_frame   0x000001e4       0x88 Build/usart.o
 .debug_frame   0x0000026c      0x1a8 Build/stm32f4xx_it.o
 .debug_frame   0x00000414       0x2c Build/stm32f4xx_hal_msp.o
 .debug_frame   0x00000440      0xbd0 Build/stm32f4xx_hal_tim.o
 .debug_frame   0x00001010      0x430 Build/stm32f4xx_hal_tim_ex.o
 .debug_frame   0x00001440      0x580 Build/stm32f4xx_hal_uart.o
 .debug_frame   0x000019c0      0x1ac Build/stm32f4xx_hal_rcc.o
 .debug_frame   0x00001b6c       0xec Build/stm32f4xx_hal_gpio.o
 .debug_frame   0x00001c58      0x1b8 Build/stm32f4xx_hal_dma.o
 .debug_frame   0x00001e10      0x16c Build/stm32f4xx_hal_cortex.o
 .debug_frame   0x00001f7c      0x200 Build/stm32f4xx_hal.o
 .debug_frame   0x0000217c       0x30 Build/system_stm32f4xx.o
 .debug_frame   0x000021ac       0x74 Build/actuator.o
 .debug_frame   0x00002220       0x9c Build/robo_init.o
 .debug_frame   0x000022bc       0xd0 Build/encoder.o
 .debug_frame   0x0000238c       0x60 Build/main.o
 .debug_frame   0x000023ec      0x118 Build/distance.o
 .debug_frame   0x00002504       0x20 c:/vsarm/armcc/bin/../lib/gcc/arm-none-eabi/9.2.1/../../../../arm-none-eabi/lib/thumb/v7e-m+fp/hard\libstdc++_nano.a(atexit_arm.o)
 .debug_frame   0x00002524       0x28 c:/vsarm/armcc/bin/../lib/gcc/arm-none-eabi/9.2.1/../../../../arm-none-eabi/lib/thumb/v7e-m+fp/hard\libc_nano.a(lib_a-cxa_atexit.o)
 .debug_frame   0x0000254c       0x2c c:/vsarm/armcc/bin/../lib/gcc/arm-none-eabi/9.2.1/../../../../arm-none-eabi/lib/thumb/v7e-m+fp/hard\libc_nano.a(lib_a-init.o)
 .debug_frame   0x00002578       0x20 c:/vsarm/armcc/bin/../lib/gcc/arm-none-eabi/9.2.1/../../../../arm-none-eabi/lib/thumb/v7e-m+fp/hard\libc_nano.a(lib_a-memset.o)
 .debug_frame   0x00002598       0xa0 c:/vsarm/armcc/bin/../lib/gcc/arm-none-eabi/9.2.1/../../../../arm-none-eabi/lib/thumb/v7e-m+fp/hard\libc_nano.a(lib_a-nano-vfprintf_float.o)
 .debug_frame   0x00002638       0x60 c:/vsarm/armcc/bin/../lib/gcc/arm-none-eabi/9.2.1/../../../../arm-none-eabi/lib/thumb/v7e-m+fp/hard\libc_nano.a(lib_a-nano-vfprintf_i.o)
 .debug_frame   0x00002698       0x74 c:/vsarm/armcc/bin/../lib/gcc/arm-none-eabi/9.2.1/../../../../arm-none-eabi/lib/thumb/v7e-m+fp/hard\libc_nano.a(lib_a-printf.o)
 .debug_frame   0x0000270c       0x7c c:/vsarm/armcc/bin/../lib/gcc/arm-none-eabi/9.2.1/../../../../arm-none-eabi/lib/thumb/v7e-m+fp/hard\libc_nano.a(lib_a-dtoa.o)
 .debug_frame   0x00002788      0x14c c:/vsarm/armcc/bin/../lib/gcc/arm-none-eabi/9.2.1/../../../../arm-none-eabi/lib/thumb/v7e-m+fp/hard\libc_nano.a(lib_a-findfp.o)
 .debug_frame   0x000028d4       0x54 c:/vsarm/armcc/bin/../lib/gcc/arm-none-eabi/9.2.1/../../../../arm-none-eabi/lib/thumb/v7e-m+fp/hard\libc_nano.a(lib_a-fwalk.o)
 .debug_frame   0x00002928       0x40 c:/vsarm/armcc/bin/../lib/gcc/arm-none-eabi/9.2.1/../../../../arm-none-eabi/lib/thumb/v7e-m+fp/hard\libc_nano.a(lib_a-localeconv.o)
 .debug_frame   0x00002968       0xb0 c:/vsarm/armcc/bin/../lib/gcc/arm-none-eabi/9.2.1/../../../../arm-none-eabi/lib/thumb/v7e-m+fp/hard\libc_nano.a(lib_a-lock.o)
 .debug_frame   0x00002a18       0x30 c:/vsarm/armcc/bin/../lib/gcc/arm-none-eabi/9.2.1/../../../../arm-none-eabi/lib/thumb/v7e-m+fp/hard\libc_nano.a(lib_a-malloc.o)
 .debug_frame   0x00002a48       0x28 c:/vsarm/armcc/bin/../lib/gcc/arm-none-eabi/9.2.1/../../../../arm-none-eabi/lib/thumb/v7e-m+fp/hard\libc_nano.a(lib_a-memcpy-stub.o)
 .debug_frame   0x00002a70      0x25c c:/vsarm/armcc/bin/../lib/gcc/arm-none-eabi/9.2.1/../../../../arm-none-eabi/lib/thumb/v7e-m+fp/hard\libc_nano.a(lib_a-mprec.o)
 .debug_frame   0x00002ccc       0x2c c:/vsarm/armcc/bin/../lib/gcc/arm-none-eabi/9.2.1/../../../../arm-none-eabi/lib/thumb/v7e-m+fp/hard\libc_nano.a(lib_a-nano-callocr.o)
 .debug_frame   0x00002cf8       0x38 c:/vsarm/armcc/bin/../lib/gcc/arm-none-eabi/9.2.1/../../../../arm-none-eabi/lib/thumb/v7e-m+fp/hard\libc_nano.a(lib_a-nano-freer.o)
 .debug_frame   0x00002d30       0x30 c:/vsarm/armcc/bin/../lib/gcc/arm-none-eabi/9.2.1/../../../../arm-none-eabi/lib/thumb/v7e-m+fp/hard\libc_nano.a(lib_a-nano-mallocr.o)
 .debug_frame   0x00002d60       0xac c:/vsarm/armcc/bin/../lib/gcc/arm-none-eabi/9.2.1/../../../../arm-none-eabi/lib/thumb/v7e-m+fp/hard\libc_nano.a(lib_a-nano-vfprintf.o)
 .debug_frame   0x00002e0c       0x2c c:/vsarm/armcc/bin/../lib/gcc/arm-none-eabi/9.2.1/../../../../arm-none-eabi/lib/thumb/v7e-m+fp/hard\libc_nano.a(lib_a-sbrkr.o)
 .debug_frame   0x00002e38       0x88 c:/vsarm/armcc/bin/../lib/gcc/arm-none-eabi/9.2.1/../../../../arm-none-eabi/lib/thumb/v7e-m+fp/hard\libc_nano.a(lib_a-stdio.o)
 .debug_frame   0x00002ec0       0x40 c:/vsarm/armcc/bin/../lib/gcc/arm-none-eabi/9.2.1/../../../../arm-none-eabi/lib/thumb/v7e-m+fp/hard\libc_nano.a(lib_a-wbuf.o)
 .debug_frame   0x00002f00       0x2c c:/vsarm/armcc/bin/../lib/gcc/arm-none-eabi/9.2.1/../../../../arm-none-eabi/lib/thumb/v7e-m+fp/hard\libc_nano.a(lib_a-writer.o)
 .debug_frame   0x00002f2c       0x2c c:/vsarm/armcc/bin/../lib/gcc/arm-none-eabi/9.2.1/../../../../arm-none-eabi/lib/thumb/v7e-m+fp/hard\libc_nano.a(lib_a-wsetup.o)
 .debug_frame   0x00002f58       0x2c c:/vsarm/armcc/bin/../lib/gcc/arm-none-eabi/9.2.1/../../../../arm-none-eabi/lib/thumb/v7e-m+fp/hard\libc_nano.a(lib_a-closer.o)
 .debug_frame   0x00002f84       0x5c c:/vsarm/armcc/bin/../lib/gcc/arm-none-eabi/9.2.1/../../../../arm-none-eabi/lib/thumb/v7e-m+fp/hard\libc_nano.a(lib_a-fflush.o)
 .debug_frame   0x00002fe0       0x48 c:/vsarm/armcc/bin/../lib/gcc/arm-none-eabi/9.2.1/../../../../arm-none-eabi/lib/thumb/v7e-m+fp/hard\libc_nano.a(lib_a-locale.o)
 .debug_frame   0x00003028       0x2c c:/vsarm/armcc/bin/../lib/gcc/arm-none-eabi/9.2.1/../../../../arm-none-eabi/lib/thumb/v7e-m+fp/hard\libc_nano.a(lib_a-lseekr.o)
 .debug_frame   0x00003054       0x58 c:/vsarm/armcc/bin/../lib/gcc/arm-none-eabi/9.2.1/../../../../arm-none-eabi/lib/thumb/v7e-m+fp/hard\libc_nano.a(lib_a-makebuf.o)
 .debug_frame   0x000030ac       0x48 c:/vsarm/armcc/bin/../lib/gcc/arm-none-eabi/9.2.1/../../../../arm-none-eabi/lib/thumb/v7e-m+fp/hard\libc_nano.a(lib_a-mbtowc_r.o)
 .debug_frame   0x000030f4       0x30 c:/vsarm/armcc/bin/../lib/gcc/arm-none-eabi/9.2.1/../../../../arm-none-eabi/lib/thumb/v7e-m+fp/hard\libc_nano.a(lib_a-mlock.o)
 .debug_frame   0x00003124       0x2c c:/vsarm/armcc/bin/../lib/gcc/arm-none-eabi/9.2.1/../../../../arm-none-eabi/lib/thumb/v7e-m+fp/hard\libc_nano.a(lib_a-readr.o)
 .debug_frame   0x00003150       0x5c c:/vsarm/armcc/bin/../lib/gcc/arm-none-eabi/9.2.1/../../../../arm-none-eabi/lib/thumb/v7e-m+fp/hard\libc_nano.a(lib_a-reent.o)
 .debug_frame   0x000031ac       0x3c c:/vsarm/armcc/bin/../lib/gcc/arm-none-eabi/9.2.1/../../../../arm-none-eabi/lib/thumb/v7e-m+fp/hard\libc_nano.a(lib_a-wctomb_r.o)
 .debug_frame   0x000031e8       0x2c c:/vsarm/armcc/bin/../lib/gcc/arm-none-eabi/9.2.1/../../../../arm-none-eabi/lib/thumb/v7e-m+fp/hard\libc_nano.a(lib_a-fstatr.o)
 .debug_frame   0x00003214       0x2c c:/vsarm/armcc/bin/../lib/gcc/arm-none-eabi/9.2.1/../../../../arm-none-eabi/lib/thumb/v7e-m+fp/hard\libc_nano.a(lib_a-isattyr.o)
 .debug_frame   0x00003240       0xac c:/vsarm/armcc/bin/../lib/gcc/arm-none-eabi/9.2.1/thumb/v7e-m+fp/hard\libgcc.a(_arm_addsubdf3.o)
 .debug_frame   0x000032ec       0x50 c:/vsarm/armcc/bin/../lib/gcc/arm-none-eabi/9.2.1/thumb/v7e-m+fp/hard\libgcc.a(_arm_muldivdf3.o)
 .debug_frame   0x0000333c       0xc4 c:/vsarm/armcc/bin/../lib/gcc/arm-none-eabi/9.2.1/thumb/v7e-m+fp/hard\libgcc.a(_arm_cmpdf2.o)
 .debug_frame   0x00003400       0x20 c:/vsarm/armcc/bin/../lib/gcc/arm-none-eabi/9.2.1/thumb/v7e-m+fp/hard\libgcc.a(_arm_unorddf2.o)
 .debug_frame   0x00003420       0x24 c:/vsarm/armcc/bin/../lib/gcc/arm-none-eabi/9.2.1/thumb/v7e-m+fp/hard\libgcc.a(_arm_fixdfsi.o)
 .debug_frame   0x00003444       0x24 c:/vsarm/armcc/bin/../lib/gcc/arm-none-eabi/9.2.1/thumb/v7e-m+fp/hard\libgcc.a(_arm_truncdfsf2.o)
 .debug_frame   0x00003468       0x2c c:/vsarm/armcc/bin/../lib/gcc/arm-none-eabi/9.2.1/thumb/v7e-m+fp/hard\libgcc.a(_aeabi_uldivmod.o)
 .debug_frame   0x00003494       0x34 c:/vsarm/armcc/bin/../lib/gcc/arm-none-eabi/9.2.1/thumb/v7e-m+fp/hard\libgcc.a(_udivmoddi4.o)
 .debug_frame   0x000034c8       0x20 c:/vsarm/armcc/bin/../lib/gcc/arm-none-eabi/9.2.1/../../../../arm-none-eabi/lib/thumb/v7e-m+fp/hard\libnosys.a(close.o)
 .debug_frame   0x000034e8       0x20 c:/vsarm/armcc/bin/../lib/gcc/arm-none-eabi/9.2.1/../../../../arm-none-eabi/lib/thumb/v7e-m+fp/hard\libnosys.a(fstat.o)
 .debug_frame   0x00003508       0x20 c:/vsarm/armcc/bin/../lib/gcc/arm-none-eabi/9.2.1/../../../../arm-none-eabi/lib/thumb/v7e-m+fp/hard\libnosys.a(isatty.o)
 .debug_frame   0x00003528       0x20 c:/vsarm/armcc/bin/../lib/gcc/arm-none-eabi/9.2.1/../../../../arm-none-eabi/lib/thumb/v7e-m+fp/hard\libnosys.a(lseek.o)
 .debug_frame   0x00003548       0x20 c:/vsarm/armcc/bin/../lib/gcc/arm-none-eabi/9.2.1/../../../../arm-none-eabi/lib/thumb/v7e-m+fp/hard\libnosys.a(read.o)
 .debug_frame   0x00003568       0x20 c:/vsarm/armcc/bin/../lib/gcc/arm-none-eabi/9.2.1/../../../../arm-none-eabi/lib/thumb/v7e-m+fp/hard\libnosys.a(sbrk.o)

.stab           0x00000000       0x84
 .stab          0x00000000       0x24 c:/vsarm/armcc/bin/../lib/gcc/arm-none-eabi/9.2.1/../../../../arm-none-eabi/lib/thumb/v7e-m+fp/hard\libnosys.a(close.o)
 .stab          0x00000024       0x18 c:/vsarm/armcc/bin/../lib/gcc/arm-none-eabi/9.2.1/../../../../arm-none-eabi/lib/thumb/v7e-m+fp/hard\libnosys.a(fstat.o)
                                 0x24 (size before relaxing)
 .stab          0x0000003c       0x18 c:/vsarm/armcc/bin/../lib/gcc/arm-none-eabi/9.2.1/../../../../arm-none-eabi/lib/thumb/v7e-m+fp/hard\libnosys.a(isatty.o)
                                 0x24 (size before relaxing)
 .stab          0x00000054       0x18 c:/vsarm/armcc/bin/../lib/gcc/arm-none-eabi/9.2.1/../../../../arm-none-eabi/lib/thumb/v7e-m+fp/hard\libnosys.a(lseek.o)
                                 0x24 (size before relaxing)
 .stab          0x0000006c       0x18 c:/vsarm/armcc/bin/../lib/gcc/arm-none-eabi/9.2.1/../../../../arm-none-eabi/lib/thumb/v7e-m+fp/hard\libnosys.a(read.o)
                                 0x24 (size before relaxing)

.stabstr        0x00000000      0x117
 .stabstr       0x00000000      0x117 c:/vsarm/armcc/bin/../lib/gcc/arm-none-eabi/9.2.1/../../../../arm-none-eabi/lib/thumb/v7e-m+fp/hard\libnosys.a(close.o)

Cross Reference Table

Symbol                                            File
ADC_IRQHandler                                    Build/startup_stm32f407xx.o
AHBPrescTable                                     Build/system_stm32f4xx.o
                                                  Build/stm32f4xx_hal_rcc.o
APBPrescTable                                     Build/system_stm32f4xx.o
                                                  Build/stm32f4xx_hal_rcc.o
BusFault_Handler                                  Build/stm32f4xx_it.o
CAN1_RX0_IRQHandler                               Build/startup_stm32f407xx.o
CAN1_RX1_IRQHandler                               Build/startup_stm32f407xx.o
CAN1_SCE_IRQHandler                               Build/startup_stm32f407xx.o
CAN1_TX_IRQHandler                                Build/startup_stm32f407xx.o
CAN2_RX0_IRQHandler                               Build/startup_stm32f407xx.o
CAN2_RX1_IRQHandler                               Build/startup_stm32f407xx.o
CAN2_SCE_IRQHandler                               Build/startup_stm32f407xx.o
CAN2_TX_IRQHandler                                Build/startup_stm32f407xx.o
DCMI_IRQHandler                                   Build/startup_stm32f407xx.o
DMA1_Stream0_IRQHandler                           Build/startup_stm32f407xx.o
DMA1_Stream1_IRQHandler                           Build/startup_stm32f407xx.o
DMA1_Stream2_IRQHandler                           Build/startup_stm32f407xx.o
DMA1_Stream3_IRQHandler                           Build/startup_stm32f407xx.o
DMA1_Stream4_IRQHandler                           Build/startup_stm32f407xx.o
DMA1_Stream5_IRQHandler                           Build/startup_stm32f407xx.o
DMA1_Stream6_IRQHandler                           Build/startup_stm32f407xx.o
DMA1_Stream7_IRQHandler                           Build/startup_stm32f407xx.o
DMA2_Stream0_IRQHandler                           Build/startup_stm32f407xx.o
DMA2_Stream1_IRQHandler                           Build/startup_stm32f407xx.o
DMA2_Stream2_IRQHandler                           Build/startup_stm32f407xx.o
DMA2_Stream3_IRQHandler                           Build/startup_stm32f407xx.o
DMA2_Stream4_IRQHandler                           Build/startup_stm32f407xx.o
DMA2_Stream5_IRQHandler                           Build/startup_stm32f407xx.o
DMA2_Stream6_IRQHandler                           Build/startup_stm32f407xx.o
DMA2_Stream7_IRQHandler                           Build/startup_stm32f407xx.o
DebugMon_Handler                                  Build/stm32f4xx_it.o